Component: ARM Compiler 5.06 update 6 (build 750) Tool: armlink [4d35ed]

==============================================================================

Section Cross References

    startup_stm32f207xx.o(STACK) refers (Special) to heapauxi.o(.text) for __use_two_region_memory
    startup_stm32f207xx.o(HEAP) refers (Special) to heapauxi.o(.text) for __use_two_region_memory
    startup_stm32f207xx.o(RESET) refers (Special) to heapauxi.o(.text) for __use_two_region_memory
    startup_stm32f207xx.o(RESET) refers to startup_stm32f207xx.o(STACK) for __initial_sp
    startup_stm32f207xx.o(RESET) refers to startup_stm32f207xx.o(.text) for Reset_Handler
    startup_stm32f207xx.o(RESET) refers to stm32f2xx_it.o(i.NMI_Handler) for NMI_Handler
    startup_stm32f207xx.o(RESET) refers to stm32f2xx_it.o(i.HardFault_Handler) for HardFault_Handler
    startup_stm32f207xx.o(RESET) refers to stm32f2xx_it.o(i.MemManage_Handler) for MemManage_Handler
    startup_stm32f207xx.o(RESET) refers to stm32f2xx_it.o(i.BusFault_Handler) for BusFault_Handler
    startup_stm32f207xx.o(RESET) refers to stm32f2xx_it.o(i.UsageFault_Handler) for UsageFault_Handler
    startup_stm32f207xx.o(RESET) refers to stm32f2xx_it.o(i.SVC_Handler) for SVC_Handler
    startup_stm32f207xx.o(RESET) refers to stm32f2xx_it.o(i.DebugMon_Handler) for DebugMon_Handler
    startup_stm32f207xx.o(RESET) refers to stm32f2xx_it.o(i.PendSV_Handler) for PendSV_Handler
    startup_stm32f207xx.o(RESET) refers to stm32f2xx_it.o(i.SysTick_Handler) for SysTick_Handler
    startup_stm32f207xx.o(RESET) refers to stm32f2xx_it.o(i.ADC_IRQHandler) for ADC_IRQHandler
    startup_stm32f207xx.o(RESET) refers to stm32f2xx_it.o(i.USART1_IRQHandler) for USART1_IRQHandler
    startup_stm32f207xx.o(.text) refers (Special) to heapauxi.o(.text) for __use_two_region_memory
    startup_stm32f207xx.o(.text) refers to system_stm32f2xx.o(i.SystemInit) for SystemInit
    startup_stm32f207xx.o(.text) refers to __main.o(!!!main) for __main
    startup_stm32f207xx.o(.text) refers to startup_stm32f207xx.o(HEAP) for Heap_Mem
    startup_stm32f207xx.o(.text) refers to startup_stm32f207xx.o(STACK) for Stack_Mem
    main.o(i.HAL_ADC_ConvCpltCallback) refers to stm32f2xx_hal_adc.o(i.HAL_ADC_GetValue) for HAL_ADC_GetValue
    main.o(i.HAL_ADC_ConvCpltCallback) refers to adc.o(.bss) for hadc1
    main.o(i.HAL_ADC_ConvCpltCallback) refers to main.o(.data) for .data
    main.o(i._Z12read_averagej) refers to main.o(.data) for .data
    main.o(i._Z12read_averagej) refers to main.o(.bss) for .bss
    main.o(i._Z18SystemClock_Configv) refers to rt_memclr_w.o(.text) for __aeabi_memclr4
    main.o(i._Z18SystemClock_Configv) refers to stm32f2xx_hal_rcc.o(i.HAL_RCC_OscConfig) for HAL_RCC_OscConfig
    main.o(i._Z18SystemClock_Configv) refers to stm32f2xx_hal_rcc.o(i.HAL_RCC_ClockConfig) for HAL_RCC_ClockConfig
    main.o(i._Z6vi_triv) refers to main.o(i._Z8tiem_canv) for tiem_can()
    main.o(i._Z8tiem_canv) refers to stm32f2xx_hal_gpio.o(i.HAL_GPIO_ReadPin) for HAL_GPIO_ReadPin
    main.o(i.__sti___6_main_c_adc) refers to simplekalmanfilter.o(i._ZN18SimpleKalmanFilterC1Efff) for SimpleKalmanFilter::SimpleKalmanFilter(float, float, float)
    main.o(i.__sti___6_main_c_adc) refers to main.o(.bss) for .bss
    main.o(i.main) refers to _printf_percent.o(.ARM.Collect$$_printf_percent$$00000000) for _printf_percent
    main.o(i.main) refers to _printf_f.o(.ARM.Collect$$_printf_percent$$00000003) for _printf_f
    main.o(i.main) refers to printf1.o(x$fpl$printf1) for _printf_fp_dec
    main.o(i.main) refers to _printf_d.o(.ARM.Collect$$_printf_percent$$00000009) for _printf_d
    main.o(i.main) refers to _printf_dec.o(.text) for _printf_int_dec
    main.o(i.main) refers to stm32f2xx_hal.o(i.HAL_Init) for HAL_Init
    main.o(i.main) refers to main.o(i._Z18SystemClock_Configv) for SystemClock_Config()
    main.o(i.main) refers to gpio.o(i.MX_GPIO_Init) for MX_GPIO_Init
    main.o(i.main) refers to adc.o(i.MX_ADC1_Init) for MX_ADC1_Init
    main.o(i.main) refers to usart.o(i.MX_USART1_UART_Init) for MX_USART1_UART_Init
    main.o(i.main) refers to stm32f2xx_hal_adc.o(i.HAL_ADC_Start_IT) for HAL_ADC_Start_IT
    main.o(i.main) refers to main.o(i._Z8tiem_canv) for tiem_can()
    main.o(i.main) refers to fflt_clz.o(x$fpl$ffltu) for __aeabi_ui2f
    main.o(i.main) refers to simplekalmanfilter.o(i._ZN18SimpleKalmanFilter14updateEstimateEf) for SimpleKalmanFilter::updateEstimate(float)
    main.o(i.main) refers to ffixu.o(x$fpl$ffixu) for __aeabi_f2uiz
    main.o(i.main) refers to main.o(i._Z12read_averagej) for read_average(unsigned)
    main.o(i.main) refers to frleqf.o(x$fpl$frleqf) for __aeabi_cfrcmple
    main.o(i.main) refers to f2d.o(x$fpl$f2d) for __aeabi_f2d
    main.o(i.main) refers to noretval__2sprintf.o(.text) for __2sprintf
    main.o(i.main) refers to strcpy.o(.text) for strcpy
    main.o(i.main) refers to strcat.o(.text) for strcat
    main.o(i.main) refers to strlen.o(.text) for strlen
[...]
    ..\Drivers\STM32F2xx_HAL_Driver\Src\stm32f2xx_hal_pwr_ex.c 0x00000000   Number         0  stm32f2xx_hal_pwr_ex.o ABSOLUTE
    ..\Drivers\STM32F2xx_HAL_Driver\Src\stm32f2xx_hal_rcc.c 0x00000000   Number         0  stm32f2xx_hal_rcc.o ABSOLUTE
    ..\Drivers\STM32F2xx_HAL_Driver\Src\stm32f2xx_hal_rcc_ex.c 0x00000000   Number         0  stm32f2xx_hal_rcc_ex.o ABSOLUTE
    ..\Drivers\STM32F2xx_HAL_Driver\Src\stm32f2xx_hal_tim.c 0x00000000   Number         0  stm32f2xx_hal_tim.o ABSOLUTE
    ..\Drivers\STM32F2xx_HAL_Driver\Src\stm32f2xx_hal_tim_ex.c 0x00000000   Number         0  stm32f2xx_hal_tim_ex.o ABSOLUTE
    ..\Drivers\STM32F2xx_HAL_Driver\Src\stm32f2xx_hal_uart.c 0x00000000   Number         0  stm32f2xx_hal_uart.o ABSOLUTE
    ..\SimpleKalmanFilter-master\SimpleKalmanFilter-master\src\SimpleKalmanFilter.cpp 0x00000000   Number         0  simplekalmanfilter.o ABSOLUTE
    dc.s                                     0x00000000   Number         0  dc.o ABSOLUTE
    startup_stm32f207xx.s                    0x00000000   Number         0  startup_stm32f207xx.o ABSOLUTE
    RESET                                    0x08000000   Section      388  startup_stm32f207xx.o(RESET)
    !!!main                                  0x08000184   Section        8  __main.o(!!!main)
    !!!scatter                               0x0800018c   Section       52  __scatter.o(!!!scatter)
    !!handler_copy                           0x080001c0   Section       26  __scatter_copy.o(!!handler_copy)
    !!handler_zi                             0x080001dc   Section       28  __scatter_zi.o(!!handler_zi)
    .ARM.Collect$$_printf_percent$$00000000  0x080001f8   Section        0  _printf_percent.o(.ARM.Collect$$_printf_percent$$00000000)
    .ARM.Collect$$_printf_percent$$00000003  0x080001f8   Section        6  _printf_f.o(.ARM.Collect$$_printf_percent$$00000003)
    .ARM.Collect$$_printf_percent$$00000009  0x080001fe   Section        6  _printf_d.o(.ARM.Collect$$_printf_percent$$00000009)
    .ARM.Collect$$_printf_percent$$00000017  0x08000204   Section        4  _printf_percent_end.o(.ARM.Collect$$_printf_percent$$00000017)
    .ARM.Collect$$libinit$$00000000          0x08000208   Section        2  libinit.o(.ARM.Collect$$libinit$$00000000)
    .ARM.Collect$$libinit$$00000002          0x0800020a   Section        0  libinit2.o(.ARM.Collect$$libinit$$00000002)
    .ARM.Collect$$libinit$$00000004          0x0800020a   Section        0  libinit2.o(.ARM.Collect$$libinit$$00000004)
    .ARM.Collect$$libinit$$0000000A          0x0800020a   Section        0  libinit2.o(.ARM.Collect$$libinit$$0000000A)
    .ARM.Collect$$libinit$$0000000C          0x0800020a   Section        0  libinit2.o(.ARM.Collect$$libinit$$0000000C)
    .ARM.Collect$$libinit$$0000000E          0x0800020a   Section        0  libinit2.o(.ARM.Collect$$libinit$$0000000E)
    .ARM.Collect$$libinit$$0000000F          0x0800020a   Section        6  libinit2.o(.ARM.Collect$$libinit$$0000000F)
    .ARM.Collect$$libinit$$00000011          0x08000210   Section        0  libinit2.o(.ARM.Collect$$libinit$$00000011)
    .ARM.Collect$$libinit$$00000013          0x08000210   Section        0  libinit2.o(.ARM.Collect$$libinit$$00000013)
    .ARM.Collect$$libinit$$00000015          0x08000210   Section        0  libinit2.o(.ARM.Collect$$libinit$$00000015)
    .ARM.Collect$$libinit$$00000016          0x08000210   Section       10  libinit2.o(.ARM.Collect$$libinit$$00000016)
    .ARM.Collect$$libinit$$00000017          0x0800021a   Section        0  libinit2.o(.ARM.Collect$$libinit$$00000017)
    .ARM.Collect$$libinit$$00000019          0x0800021a   Section        0  libinit2.o(.ARM.Collect$$libinit$$00000019)
    .ARM.Collect$$libinit$$0000001B          0x0800021a   Section        0  libinit2.o(.ARM.Collect$$libinit$$0000001B)
    .ARM.Collect$$libinit$$0000001D          0x0800021a   Section        0  libinit2.o(.ARM.Collect$$libinit$$0000001D)
    .ARM.Collect$$libinit$$0000001F          0x0800021a   Section        0  libinit2.o(.ARM.Collect$$libinit$$0000001F)
    .ARM.Collect$$libinit$$00000021          0x0800021a   Section        0  libinit2.o(.ARM.Collect$$libinit$$00000021)
    .ARM.Collect$$libinit$$00000023          0x0800021a   Section        0  libinit2.o(.ARM.Collect$$libinit$$00000023)
    .ARM.Collect$$libinit$$00000025          0x0800021a   Section        0  libinit2.o(.ARM.Collect$$libinit$$00000025)
    .ARM.Collect$$libinit$$0000002C          0x0800021a   Section        0  libinit2.o(.ARM.Collect$$libinit$$0000002C)
    .ARM.Collect$$libinit$$0000002E          0x0800021a   Section        0  libinit2.o(.ARM.Collect$$libinit$$0000002E)
    .ARM.Collect$$libinit$$00000030          0x0800021a   Section        0  libinit2.o(.ARM.Collect$$libinit$$00000030)
    .ARM.Collect$$libinit$$00000031          0x0800021a   Section        4  libinit2.o(.ARM.Collect$$libinit$$00000031)
    .ARM.Collect$$libinit$$00000032          0x0800021e   Section        0  libinit2.o(.ARM.Collect$$libinit$$00000032)
    .ARM.Collect$$libinit$$00000033          0x0800021e   Section        2  libinit2.o(.ARM.Collect$$libinit$$00000033)
    .ARM.Collect$$libshutdown$$00000000      0x08000220   Section        2  libshutdown.o(.ARM.Collect$$libshutdown$$00000000)
    .ARM.Collect$$libshutdown$$00000002      0x08000222   Section        0  libshutdown2.o(.ARM.Collect$$libshutdown$$00000002)
    .ARM.Collect$$libshutdown$$00000004      0x08000222   Section        0  libshutdown2.o(.ARM.Collect$$libshutdown$$00000004)
    .ARM.Collect$$libshutdown$$00000007      0x08000222   Section        0  libshutdown2.o(.ARM.Collect$$libshutdown$$00000007)
    .ARM.Collect$$libshutdown$$0000000A      0x08000222   Section        0  libshutdown2.o(.ARM.Collect$$libshutdown$$0000000A)
    .ARM.Collect$$libshutdown$$0000000C      0x08000222   Section        0  libshutdown2.o(.ARM.Collect$$libshutdown$$0000000C)
    .ARM.Collect$$libshutdown$$0000000F      0x08000222   Section        0  libshutdown2.o(.ARM.Collect$$libshutdown$$0000000F)
    .ARM.Collect$$libshutdown$$00000010      0x08000222   Section        2  libshutdown2.o(.ARM.Collect$$libshutdown$$00000010)
    .ARM.Collect$$rtentry$$00000000          0x08000224   Section        0  __rtentry.o(.ARM.Collect$$rtentry$$00000000)
    .ARM.Collect$$rtentry$$00000002          0x08000224   Section        0  __rtentry2.o(.ARM.Collect$$rtentry$$00000002)
    .ARM.Collect$$rtentry$$00000004          0x08000224   Section        6  __rtentry4.o(.ARM.Collect$$rtentry$$00000004)
    .ARM.Collect$$rtentry$$00000009          0x0800022a   Section        0  __rtentry2.o(.ARM.Collect$$rtentry$$00000009)
    .ARM.Collect$$rtentry$$0000000A          0x0800022a   Section        4  __rtentry2.o(.ARM.Collect$$rtentry$$0000000A)
    .ARM.Collect$$rtentry$$0000000C          0x0800022e   Section        0  __rtentry2.o(.ARM.Collect$$rtentry$$0000000C)
    .ARM.Collect$$rtentry$$0000000D          0x0800022e   Section        8  __rtentry2.o(.ARM.Collect$$rtentry$$0000000D)
    .ARM.Collect$$rtexit$$00000000           0x08000236   Section        2  rtexit.o(.ARM.Collect$$rtexit$$00000000)
    .ARM.Collect$$rtexit$$00000002           0x08000238   Section        0  rtexit2.o(.ARM.Collect$$rtexit$$00000002)
    .ARM.Collect$$rtexit$$00000003           0x08000238   Section        4  rtexit2.o(.ARM.Collect$$rtexit$$00000003)
    .ARM.Collect$$rtexit$$00000004           0x0800023c   Section        6  rtexit2.o(.ARM.Collect$$rtexit$$00000004)
    .text                                    0x08000244   Section       64  startup_stm32f207xx.o(.text)
    .text                                    0x08000284   Section      238  lludivv7m.o(.text)
    .text                                    0x08000374   Section        0  noretval__2sprintf.o(.text)
    .text                                    0x0800039c   Section        0  __printf.o(.text)
    .text                                    0x08000404   Section        0  _printf_dec.o(.text)
    .text                                    0x0800047c   Section        0  strcpy.o(.text)
    .text                                    0x080004c4   Section        0  strlen.o(.text)
    .text                                    0x08000502   Section        0  strcat.o(.text)
    .text                                    0x0800051a   Section       78  rt_memclr_w.o(.text)
    .text                                    0x08000568   Section        0  heapauxi.o(.text)
    .text                                    0x08000570   Section        0  init_aeabi.o(.text)
    .text                                    0x08000594   Section        0  _printf_intcommon.o(.text)
    .text                                    0x08000646   Section        0  _printf_fp_dec.o(.text)
    _fp_digits                               0x08000649   Thumb Code   432  _printf_fp_dec.o(.text)
    .text                                    0x08000a64   Section        0  _printf_char_common.o(.text)
    _printf_input_char                       0x08000a65   Thumb Code    10  _printf_char_common.o(.text)
    .text                                    0x08000a94   Section        0  _sputc.o(.text)
    .text                                    0x08000aa0   Section        8  rt_locale_intlibspace.o(.text)
    .text                                    0x08000aa8   Section      138  lludiv10.o(.text)
    .text                                    0x08000b34   Section        0  _printf_fp_infnan.o(.text)
    .text                                    0x08000bb4   Section        0  bigflt0.o(.text)
    .text                                    0x08000c98   Section        8  libspace.o(.text)
    .text                                    0x08000ca0   Section       74  sys_stackheap_outer.o(.text)
    .text                                    0x08000cea   Section        0  exit.o(.text)
    .text                                    0x08000cfc   Section      128  strcmpv7m.o(.text)
    .text                                    0x08000d7c   Section        0  sys_exit.o(.text)
    .text                                    0x08000d88   Section        2  use_no_semi.o(.text)
    .text                                    0x08000d8a   Section        0  indicate_semi.o(.text)
    CL$$btod_d2e                             0x08000d8a   Section       62  btod.o(CL$$btod_d2e)
    CL$$btod_d2e_denorm_low                  0x08000dc8   Section       70  btod.o(CL$$btod_d2e_denorm_low)
    CL$$btod_d2e_norm_op1                    0x08000e0e   Section       96  btod.o(CL$$btod_d2e_norm_op1)
    CL$$btod_div_common                      0x08000e6e   Section      824  btod.o(CL$$btod_div_common)
    CL$$btod_e2e                             0x080011a6   Section      220  btod.o(CL$$btod_e2e)
    CL$$btod_ediv                            0x08001282   Section       42  btod.o(CL$$btod_ediv)
    CL$$btod_emul                            0x080012ac   Section       42  btod.o(CL$$btod_emul)
    CL$$btod_mult_common                     0x080012d6   Section      580  btod.o(CL$$btod_mult_common)
    i.ADC_IRQHandler                         0x0800151c   Section        0  stm32f2xx_it.o(i.ADC_IRQHandler)
    i.BusFault_Handler                       0x08001528   Section        0  stm32f2xx_it.o(i.BusFault_Handler)
    i.DebugMon_Handler                       0x0800152a   Section        0  stm32f2xx_it.o(i.DebugMon_Handler)
    i.Error_Handler                          0x0800152c   Section        0  main.o(i.Error_Handler)
    i.HAL_ADCEx_InjectedConvCpltCallback     0x08001530   Section        0  stm32f2xx_hal_adc_ex.o(i.HAL_ADCEx_InjectedConvCpltCallback)
    i.HAL_ADC_ConfigChannel                  0x08001534   Section        0  stm32f2xx_hal_adc.o(i.HAL_ADC_ConfigChannel)
    i.HAL_ADC_ConvCpltCallback               0x08001684   Section        0  main.o(i.HAL_ADC_ConvCpltCallback)
    i.HAL_ADC_ErrorCallback                  0x080016a4   Section        0  stm32f2xx_hal_adc.o(i.HAL_ADC_ErrorCallback)
    i.HAL_ADC_GetValue                       0x080016a6   Section        0  stm32f2xx_hal_adc.o(i.HAL_ADC_GetValue)
    i.HAL_ADC_IRQHandler                     0x080016ac   Section        0  stm32f2xx_hal_adc.o(i.HAL_ADC_IRQHandler)
    i.HAL_ADC_Init                           0x080017e8   Section        0  stm32f2xx_hal_adc.o(i.HAL_ADC_Init)
    i.HAL_ADC_LevelOutOfWindowCallback       0x0800183c   Section        0  stm32f2xx_hal_adc.o(i.HAL_ADC_LevelOutOfWindowCallback)
    i.HAL_ADC_MspInit                        0x08001840   Section        0  adc.o(i.HAL_ADC_MspInit)
    i.HAL_ADC_Start_IT                       0x080018b0   Section        0  stm32f2xx_hal_adc.o(i.HAL_ADC_Start_IT)
    i.HAL_DMA_Abort                          0x08001988   Section        0  stm32f2xx_hal_dma.o(i.HAL_DMA_Abort)
    i.HAL_DMA_Abort_IT                       0x08001a1a   Section        0  stm32f2xx_hal_dma.o(i.HAL_DMA_Abort_IT)
    i.HAL_GPIO_Init                          0x08001a40   Section        0  stm32f2xx_hal_gpio.o(i.HAL_GPIO_Init)
    i.HAL_GPIO_ReadPin                       0x08001cc8   Section        0  stm32f2xx_hal_gpio.o(i.HAL_GPIO_ReadPin)
    i.HAL_GPIO_WritePin                      0x08001cd2   Section        0  stm32f2xx_hal_gpio.o(i.HAL_GPIO_WritePin)
    i.HAL_GetTick                            0x08001cdc   Section        0  stm32f2xx_hal.o(i.HAL_GetTick)
    i.HAL_IncTick                            0x08001ce8   Section        0  stm32f2xx_hal.o(i.HAL_IncTick)
    i.HAL_Init                               0x08001cf8   Section        0  stm32f2xx_hal.o(i.HAL_Init)
    i.HAL_InitTick                           0x08001d2c   Section        0  stm32f2xx_hal.o(i.HAL_InitTick)
    i.HAL_MspInit                            0x08001d6c   Section        0  stm32f2xx_hal_msp.o(i.HAL_MspInit)
    i.HAL_NVIC_EnableIRQ                     0x08001d9c   Section        0  stm32f2xx_hal_cortex.o(i.HAL_NVIC_EnableIRQ)
    i.HAL_NVIC_SetPriority                   0x08001db8   Section        0  stm32f2xx_hal_cortex.o(i.HAL_NVIC_SetPriority)
    i.HAL_NVIC_SetPriorityGrouping           0x08001df8   Section        0  stm32f2xx_hal_cortex.o(i.HAL_NVIC_SetPriorityGrouping)
    i.HAL_RCC_ClockConfig                    0x08001e1c   Section        0  stm32f2xx_hal_rcc.o(i.HAL_RCC_ClockConfig)
    i.HAL_RCC_GetPCLK1Freq                   0x08001f58   Section        0  stm32f2xx_hal_rcc.o(i.HAL_RCC_GetPCLK1Freq)
    i.HAL_RCC_GetPCLK2Freq                   0x08001f88   Section        0  stm32f2xx_hal_rcc.o(i.HAL_RCC_GetPCLK2Freq)
    i.HAL_RCC_GetSysClockFreq                0x08001fb8   Section        0  stm32f2xx_hal_rcc.o(i.HAL_RCC_GetSysClockFreq)
    i.HAL_RCC_OscConfig                      0x08002018   Section        0  stm32f2xx_hal_rcc.o(i.HAL_RCC_OscConfig)
    i.HAL_SYSTICK_Config                     0x08002350   Section        0  stm32f2xx_hal_cortex.o(i.HAL_SYSTICK_Config)
    i.HAL_UARTEx_RxEventCallback             0x08002378   Section        0  stm32f2xx_hal_uart.o(i.HAL_UARTEx_RxEventCallback)
    i.HAL_UART_ErrorCallback                 0x0800237a   Section        0  stm32f2xx_hal_uart.o(i.HAL_UART_ErrorCallback)
    i.HAL_UART_IRQHandler                    0x0800237c   Section        0  stm32f2xx_hal_uart.o(i.HAL_UART_IRQHandler)
    i.HAL_UART_Init                          0x0800258c   Section        0  stm32f2xx_hal_uart.o(i.HAL_UART_Init)
    i.HAL_UART_MspInit                       0x080025f0   Section        0  usart.o(i.HAL_UART_MspInit)
    i.HAL_UART_RxCpltCallback                0x0800266c   Section        0  stm32f2xx_hal_uart.o(i.HAL_UART_RxCpltCallback)
    i.HAL_UART_Transmit                      0x08002670   Section        0  stm32f2xx_hal_uart.o(i.HAL_UART_Transmit)
    i.HAL_UART_TxCpltCallback                0x08002722   Section        0  stm32f2xx_hal_uart.o(i.HAL_UART_TxCpltCallback)
    i.HardFault_Handler                      0x08002724   Section        0  stm32f2xx_it.o(i.HardFault_Handler)
    i.MX_ADC1_Init                           0x08002728   Section        0  adc.o(i.MX_ADC1_Init)
    i.MX_GPIO_Init                           0x08002788   Section        0  gpio.o(i.MX_GPIO_Init)
    i.MX_USART1_UART_Init                    0x08002818   Section        0  usart.o(i.MX_USART1_UART_Init)
    i.MemManage_Handler                      0x08002850   Section        0  stm32f2xx_it.o(i.MemManage_Handler)
    i.NMI_Handler                            0x08002852   Section        0  stm32f2xx_it.o(i.NMI_Handler)
    i.PendSV_Handler                         0x08002854   Section        0  stm32f2xx_it.o(i.PendSV_Handler)
    i.SVC_Handler                            0x08002856   Section        0  stm32f2xx_it.o(i.SVC_Handler)
    i.SysTick_Handler                        0x08002858   Section        0  stm32f2xx_it.o(i.SysTick_Handler)
    i.SystemInit                             0x0800285c   Section        0  system_stm32f2xx.o(i.SystemInit)
    i.USART1_IRQHandler                      0x08002860   Section        0  stm32f2xx_it.o(i.USART1_IRQHandler)
    i.UsageFault_Handler                     0x0800286c   Section        0  stm32f2xx_it.o(i.UsageFault_Handler)
    i._Z12read_averagej                      0x08002870   Section        0  main.o(i._Z12read_averagej)
    i._Z18SystemClock_Configv                0x080028b4   Section        0  main.o(i._Z18SystemClock_Configv)
    i._Z8tiem_canv                           0x0800291c   Section        0  main.o(i._Z8tiem_canv)
    i._ZN18SimpleKalmanFilter14updateEstimateEf 0x0800294c   Section        0  simplekalmanfilter.o(i._ZN18SimpleKalmanFilter14updateEstimateEf)
    i._ZN18SimpleKalmanFilterC1Efff          0x080029d8   Section        0  simplekalmanfilter.o(i._ZN18SimpleKalmanFilterC1Efff)
    i._ZN41_INTERNAL_19_stm32f2xx_hal_adc_c_52ef8f508ADC_InitEP17ADC_HandleTypeDef 0x080029e8   Section        0  stm32f2xx_hal_adc.o(i._ZN41_INTERNAL_19_stm32f2xx_hal_adc_c_52ef8f508ADC_InitEP17ADC_HandleTypeDef)
    [local to stm32f2xx_hal_adc_c]::ADC_Init(ADC_HandleTypeDef*) 0x080029e9   Thumb Code   304  stm32f2xx_hal_adc.o(i._ZN41_INTERNAL_19_stm32f2xx_hal_adc_c_52ef8f508ADC_InitEP17ADC_HandleTypeDef)
    i._ZN42_INTERNAL_20_stm32f2xx_hal_uart_c_d497114f14UART_SetConfigEP20__UART_HandleTypeDef 0x08002b20   Section        0  stm32f2xx_hal_uart.o(i._ZN42_INTERNAL_20_stm32f2xx_hal_uart_c_d497114f14UART_SetConfigEP20__UART_HandleTypeDef)
    [local to stm32f2xx_hal_uart_c]::UART_SetConfig(__UART_HandleTypeDef*) 0x08002b21   Thumb Code   284  stm32f2xx_hal_uart.o(i._ZN42_INTERNAL_20_stm32f2xx_hal_uart_c_d497114f14UART_SetConfigEP20__UART_HandleTypeDef)
    i._ZN42_INTERNAL_20_stm32f2xx_hal_uart_c_d497114f15UART_Receive_ITEP20__UART_HandleTypeDef 0x08002c44   Section        0  stm32f2xx_hal_uart.o(i._ZN42_INTERNAL_20_stm32f2xx_hal_uart_c_d497114f15UART_Receive_ITEP20__UART_HandleTypeDef)
    [local to stm32f2xx_hal_uart_c]::UART_Receive_IT(__UART_HandleTypeDef*) 0x08002c45   Thumb Code   182  stm32f2xx_hal_uart.o(i._ZN42_INTERNAL_20_stm32f2xx_hal_uart_c_d497114f15UART_Receive_ITEP20__UART_HandleTypeDef)
    i._ZN42_INTERNAL_20_stm32f2xx_hal_uart_c_d497114f18UART_EndRxTransferEP20__UART_HandleTypeDef 0x08002cfa   Section        0  stm32f2xx_hal_uart.o(i._ZN42_INTERNAL_20_stm32f2xx_hal_uart_c_d497114f18UART_EndRxTransferEP20__UART_HandleTypeDef)
    [local to stm32f2xx_hal_uart_c]::UART_EndRxTransfer(__UART_HandleTypeDef*) 0x08002cfb   Thumb Code    48  stm32f2xx_hal_uart.o(i._ZN42_INTERNAL_20_stm32f2xx_hal_uart_c_d497114f18UART_EndRxTransferEP20__UART_HandleTypeDef)
    i._ZN42_INTERNAL_20_stm32f2xx_hal_uart_c_d497114f20UART_DMAAbortOnErrorEP19__DMA_HandleTypeDef 0x08002d2a   Section        0  stm32f2xx_hal_uart.o(i._ZN42_INTERNAL_20_stm32f2xx_hal_uart_c_d497114f20UART_DMAAbortOnErrorEP19__DMA_HandleTypeDef)
    [local to stm32f2xx_hal_uart_c]::UART_DMAAbortOnError(__DMA_HandleTypeDef*) 0x08002d2b   Thumb Code    16  stm32f2xx_hal_uart.o(i._ZN42_INTERNAL_20_stm32f2xx_hal_uart_c_d497114f20UART_DMAAbortOnErrorEP19__DMA_HandleTypeDef)
    i._ZN42_INTERNAL_20_stm32f2xx_hal_uart_c_d497114f27UART_WaitOnFlagUntilTimeoutEP20__UART_HandleTypeDefj10FlagStatusjj 0x08002d3a   Section        0  stm32f2xx_hal_uart.o(i._ZN42_INTERNAL_20_stm32f2xx_hal_uart_c_d497114f27UART_WaitOnFlagUntilTimeoutEP20__UART_HandleTypeDefj10FlagStatusjj)
    [local to stm32f2xx_hal_uart_c]::UART_WaitOnFlagUntilTimeout(__UART_HandleTypeDef*, unsigned, FlagStatus, unsigned, unsigned) 0x08002d3b   Thumb Code   100  stm32f2xx_hal_uart.o(i._ZN42_INTERNAL_20_stm32f2xx_hal_uart_c_d497114f27UART_WaitOnFlagUntilTimeoutEP20__UART_HandleTypeDefj10FlagStatusjj)
    i._ZN44_INTERNAL_22_stm32f2xx_hal_cortex_c_2992dbc018__NVIC_SetPriorityE9IRQn_Typej 0x08002d9e   Section        0  stm32f2xx_hal_cortex.o(i._ZN44_INTERNAL_22_stm32f2xx_hal_cortex_c_2992dbc018__NVIC_SetPriorityE9IRQn_Typej)
    [local to stm32f2xx_hal_cortex_c]::__NVIC_SetPriority(IRQn_Type, unsigned) 0x08002d9f   Thumb Code    32  stm32f2xx_hal_cortex.o(i._ZN44_INTERNAL_22_stm32f2xx_hal_cortex_c_2992dbc018__NVIC_SetPriorityE9IRQn_Typej)
    i.__ARM_fpclassify                       0x08002dbe   Section        0  fpclassify.o(i.__ARM_fpclassify)
    i.__sti___6_main_c_adc                   0x08002de8   Section        0  main.o(i.__sti___6_main_c_adc)
    __sti___6_main_c_adc                     0x08002de9   Thumb Code    12  main.o(i.__sti___6_main_c_adc)
    i.main                                   0x08002dfc   Section        0  main.o(i.main)
    locale$$code                             0x08002f04   Section       44  lc_numeric_c.o(locale$$code)
    x$fpl$d2f                                0x08002f30   Section       98  d2f.o(x$fpl$d2f)
    x$fpl$dadd                               0x08002f94   Section      336  daddsub_clz.o(x$fpl$dadd)
    _dadd1                                   0x08002fa5   Thumb Code     0  daddsub_clz.o(x$fpl$dadd)
    x$fpl$dmul                               0x080030e4   Section      340  dmul.o(x$fpl$dmul)
    x$fpl$dnaninf                            0x08003238   Section      156  dnaninf.o(x$fpl$dnaninf)
    x$fpl$dretinf                            0x080032d4   Section       12  dretinf.o(x$fpl$dretinf)
    x$fpl$drsb                               0x080032e0   Section       22  daddsub_clz.o(x$fpl$drsb)
    x$fpl$dsub                               0x080032f8   Section      468  daddsub_clz.o(x$fpl$dsub)
    _dsub1                                   0x08003309   Thumb Code     0  daddsub_clz.o(x$fpl$dsub)
    x$fpl$f2d                                0x080034cc   Section       86  f2d.o(x$fpl$f2d)
    x$fpl$fadd                               0x08003524   Section      196  faddsub_clz.o(x$fpl$fadd)
    _fadd1                                   0x08003533   Thumb Code     0  faddsub_clz.o(x$fpl$fadd)
    x$fpl$fcmpinf                            0x080035e8   Section       24  fcmpi.o(x$fpl$fcmpinf)
    x$fpl$fdiv                               0x08003600   Section      388  fdiv.o(x$fpl$fdiv)
    _fdiv1                                   0x08003601   Thumb Code     0  fdiv.o(x$fpl$fdiv)
    x$fpl$ffixu                              0x08003784   Section       62  ffixu.o(x$fpl$ffixu)
    x$fpl$ffltu                              0x080037c4   Section       38  fflt_clz.o(x$fpl$ffltu)
    x$fpl$fleqf                              0x080037ec   Section      104  fleqf.o(x$fpl$fleqf)
    x$fpl$fmul                               0x08003854   Section      258  fmul.o(x$fpl$fmul)
    x$fpl$fnaninf                            0x08003956   Section      140  fnaninf.o(x$fpl$fnaninf)
    x$fpl$fretinf                            0x080039e2   Section       10  fretinf.o(x$fpl$fretinf)
    x$fpl$frleqf                             0x080039ec   Section       98  frleqf.o(x$fpl$frleqf)
    x$fpl$fsub                               0x08003a50   Section      234  faddsub_clz.o(x$fpl$fsub)
    _fsub1                                   0x08003a5f   Thumb Code     0  faddsub_clz.o(x$fpl$fsub)
    x$fpl$printf1                            0x08003b3a   Section        4  printf1.o(x$fpl$printf1)
    .constdata                               0x08003b3e   Section       16  system_stm32f2xx.o(.constdata)
    x$fpl$usenofp                            0x08003b3e   Section        0  usenofp.o(x$fpl$usenofp)
    .constdata                               0x08003b4e   Section        8  system_stm32f2xx.o(.constdata)
    .constdata                               0x08003b58   Section      148  bigflt0.o(.constdata)
    tenpwrs_x                                0x08003b58   Data          60  bigflt0.o(.constdata)
    tenpwrs_i                                0x08003b94   Data          64  bigflt0.o(.constdata)
    locale$$data                             0x08003c0c   Section       28  lc_numeric_c.o(locale$$data)
    __lcnum_c_name                           0x08003c10   Data           2  lc_numeric_c.o(locale$$data)
    __lcnum_c_start                          0x08003c18   Data           0  lc_numeric_c.o(locale$$data)
    __lcnum_c_point                          0x08003c24   Data           0  lc_numeric_c.o(locale$$data)
    __lcnum_c_thousands                      0x08003c26   Data           0  lc_numeric_c.o(locale$$data)
    __lcnum_c_grouping                       0x08003c27   Data           0  lc_numeric_c.o(locale$$data)
    .init_array                              0x08003c28   Section        4  main.o(.init_array)
    __lcnum_c_end                            0x08003c28   Data           0  lc_numeric_c.o(locale$$data)
    .init_array                              0x08003c2c   Section        0  init_aeabi.o(.init_array)
    .data                                    0x20000000   Section       36  main.o(.data)
    read_average(unsigned)::pos              0x20000000   Data           1  main.o(.data)
    read_average(unsigned)::sum              0x20000008   Data           4  main.o(.data)
    read_average(unsigned)::start_calc       0x2000000c   Data           4  main.o(.data)
    .data                                    0x20000024   Section       12  stm32f2xx_hal.o(.data)
    .data                                    0x20000030   Section        4  system_stm32f2xx.o(.data)
    .bss                                     0x20000034   Section       88  main.o(.bss)
    read_average(unsigned)::store            0x20000034   Data          64  main.o(.bss)
    .bss                                     0x2000008c   Section       72  adc.o(.bss)
    .bss                                     0x200000d4   Section       68  usart.o(.bss)
    .bss                                     0x20000118   Section       96  libspace.o(.bss)
    HEAP                                     0x20000178   Section      512  startup_stm32f207xx.o(HEAP)
    Heap_Mem                                 0x20000178   Data         512  startup_stm32f207xx.o(HEAP)
    STACK                                    0x20000378   Section     1024  startup_stm32f207xx.o(STACK)
    Stack_Mem                                0x20000378   Data        1024  startup_stm32f207xx.o(STACK)
    __initial_sp                             0x20000778   Data           0  startup_stm32f207xx.o(STACK)

    Global Symbols

    Symbol Name                              Value     Ov Type        Size  Object(Section)

    BuildAttributes$$THM_ISAv4$P$D$K$B$S$PE$A:L22UL41UL21$X:L11$S22US41US21$IEEE1$IW$USESV6$~STKCKD$USESV7$~SHL$OTIME$ROPI$IEEEJ$EBA8$UX$STANDARDLIB$REQ8$PRES8$EABIv2 0x00000000   Number         0  anon$$obj.o ABSOLUTE
    __ARM_use_no_argv                        0x00000000   Number         0  main.o ABSOLUTE
    __ARM_exceptions_init                     - Undefined Weak Reference
    __alloca_initialize                       - Undefined Weak Reference
    __arm_preinit_                            - Undefined Weak Reference
    __cxa_finalize                            - Undefined Weak Reference
    __sigvec_lookup                           - Undefined Weak Reference
    _atexit_init                              - Undefined Weak Reference
    _call_atexit_fns                          - Undefined Weak Reference
    _clock_init                               - Undefined Weak Reference
    _fp_trap_init                             - Undefined Weak Reference
    _fp_trap_shutdown                         - Undefined Weak Reference
    _get_lc_collate                           - Undefined Weak Reference
    _get_lc_ctype                             - Undefined Weak Reference
    _get_lc_monetary                          - Undefined Weak Reference
    _get_lc_time                              - Undefined Weak Reference
    _getenv_init                              - Undefined Weak Reference
    _handle_redirection                       - Undefined Weak Reference
    _init_alloc                               - Undefined Weak Reference
    _init_user_alloc                          - Undefined Weak Reference
    _initio                                   - Undefined Weak Reference
    _printf_post_padding                      - Undefined Weak Reference
    _printf_pre_padding                       - Undefined Weak Reference
    _printf_truncate_signed                   - Undefined Weak Reference
    _printf_truncate_unsigned                 - Undefined Weak Reference
    _rand_init                                - Undefined Weak Reference
    _signal_finish                            - Undefined Weak Reference
    _signal_init                              - Undefined Weak Reference
    _terminate_alloc                          - Undefined Weak Reference
    _terminate_user_alloc                     - Undefined Weak Reference
    _terminateio                              - Undefined Weak Reference
    __Vectors_Size                           0x00000184   Number         0  startup_stm32f207xx.o ABSOLUTE
    __Vectors                                0x08000000   Data           4  startup_stm32f207xx.o(RESET)
    __Vectors_End                            0x08000184   Data           0  startup_stm32f207xx.o(RESET)
    __main                                   0x08000185   Thumb Code     8  __main.o(!!!main)
    __scatterload                            0x0800018d   Thumb Code     0  __scatter.o(!!!scatter)
    __scatterload_rt2                        0x0800018d   Thumb Code    44  __scatter.o(!!!scatter)
    __scatterload_rt2_thumb_only             0x0800018d   Thumb Code     0  __scatter.o(!!!scatter)
    __scatterload_null                       0x0800019b   Thumb Code     0  __scatter.o(!!!scatter)
    __scatterload_copy                       0x080001c1   Thumb Code    26  __scatter_copy.o(!!handler_copy)
    __scatterload_zeroinit                   0x080001dd   Thumb Code    28  __scatter_zi.o(!!handler_zi)
    _printf_f                                0x080001f9   Thumb Code     0  _printf_f.o(.ARM.Collect$$_printf_percent$$00000003)
    _printf_percent                          0x080001f9   Thumb Code     0  _printf_percent.o(.ARM.Collect$$_printf_percent$$00000000)
    _printf_d                                0x080001ff   Thumb Code     0  _printf_d.o(.ARM.Collect$$_printf_percent$$00000009)
    _printf_percent_end                      0x08000205   Thumb Code     0  _printf_percent_end.o(.ARM.Collect$$_printf_percent$$00000017)
    __rt_lib_init                            0x08000209   Thumb Code     0  libinit.o(.ARM.Collect$$libinit$$00000000)
    __rt_lib_init_fp_1                       0x0800020b   Thumb Code     0  libinit2.o(.ARM.Collect$$libinit$$00000002)
    __rt_lib_init_heap_1                     0x0800020b   Thumb Code     0  libinit2.o(.ARM.Collect$$libinit$$0000000A)
    __rt_lib_init_lc_common                  0x0800020b   Thumb Code     0  libinit2.o(.ARM.Collect$$libinit$$0000000F)
    __rt_lib_init_preinit_1                  0x0800020b   Thumb Code     0  libinit2.o(.ARM.Collect$$libinit$$00000004)
    __rt_lib_init_rand_1                     0x0800020b   Thumb Code     0  libinit2.o(.ARM.Collect$$libinit$$0000000E)
    __rt_lib_init_user_alloc_1               0x0800020b   Thumb Code     0  libinit2.o(.ARM.Collect$$libinit$$0000000C)
    __rt_lib_init_lc_collate_1               0x08000211   Thumb Code     0  libinit2.o(.ARM.Collect$$libinit$$00000011)
    __rt_lib_init_lc_ctype_1                 0x08000211   Thumb Code     0  libinit2.o(.ARM.Collect$$libinit$$00000013)
    __rt_lib_init_lc_monetary_1              0x08000211   Thumb Code     0  libinit2.o(.ARM.Collect$$libinit$$00000015)
    __rt_lib_init_lc_numeric_2               0x08000211   Thumb Code     0  libinit2.o(.ARM.Collect$$libinit$$00000016)
    __rt_lib_init_alloca_1                   0x0800021b   Thumb Code     0  libinit2.o(.ARM.Collect$$libinit$$0000002E)
    __rt_lib_init_argv_1                     0x0800021b   Thumb Code     0  libinit2.o(.ARM.Collect$$libinit$$0000002C)
    __rt_lib_init_atexit_1                   0x0800021b   Thumb Code     0  libinit2.o(.ARM.Collect$$libinit$$0000001B)
    __rt_lib_init_clock_1                    0x0800021b   Thumb Code     0  libinit2.o(.ARM.Collect$$libinit$$00000021)
    __rt_lib_init_cpp_2                      0x0800021b   Thumb Code     0  libinit2.o(.ARM.Collect$$libinit$$00000031)
    __rt_lib_init_exceptions_1               0x0800021b   Thumb Code     0  libinit2.o(.ARM.Collect$$libinit$$00000030)
    __rt_lib_init_fp_trap_1                  0x0800021b   Thumb Code     0  libinit2.o(.ARM.Collect$$libinit$$0000001F)
    __rt_lib_init_getenv_1                   0x0800021b   Thumb Code     0  libinit2.o(.ARM.Collect$$libinit$$00000023)
    __rt_lib_init_lc_numeric_1               0x0800021b   Thumb Code     0  libinit2.o(.ARM.Collect$$libinit$$00000017)
    __rt_lib_init_lc_time_1                  0x0800021b   Thumb Code     0  libinit2.o(.ARM.Collect$$libinit$$00000019)
    __rt_lib_init_signal_1                   0x0800021b   Thumb Code     0  libinit2.o(.ARM.Collect$$libinit$$0000001D)
    __rt_lib_init_stdio_1                    0x0800021b   Thumb Code     0  libinit2.o(.ARM.Collect$$libinit$$00000025)
    __rt_lib_init_cpp_1                      0x0800021f   Thumb Code     0  libinit2.o(.ARM.Collect$$libinit$$00000032)
    __rt_lib_init_return                     0x0800021f   Thumb Code     0  libinit2.o(.ARM.Collect$$libinit$$00000033)
    __rt_lib_shutdown                        0x08000221   Thumb Code     0  libshutdown.o(.ARM.Collect$$libshutdown$$00000000)
    __rt_lib_shutdown_cpp_1                  0x08000223   Thumb Code     0  libshutdown2.o(.ARM.Collect$$libshutdown$$00000002)
    __rt_lib_shutdown_fp_trap_1              0x08000223   Thumb Code     0  libshutdown2.o(.ARM.Collect$$libshutdown$$00000007)
    __rt_lib_shutdown_heap_1                 0x08000223   Thumb Code     0  libshutdown2.o(.ARM.Collect$$libshutdown$$0000000F)
    __rt_lib_shutdown_return                 0x08000223   Thumb Code     0  libshutdown2.o(.ARM.Collect$$libshutdown$$00000010)
    __rt_lib_shutdown_signal_1               0x08000223   Thumb Code     0  libshutdown2.o(.ARM.Collect$$libshutdown$$0000000A)
    __rt_lib_shutdown_stdio_1                0x08000223   Thumb Code     0  libshutdown2.o(.ARM.Collect$$libshutdown$$00000004)
    __rt_lib_shutdown_user_alloc_1           0x08000223   Thumb Code     0  libshutdown2.o(.ARM.Collect$$libshutdown$$0000000C)
    __rt_entry                               0x08000225   Thumb Code     0  __rtentry.o(.ARM.Collect$$rtentry$$00000000)
    __rt_entry_presh_1                       0x08000225   Thumb Code     0  __rtentry2.o(.ARM.Collect$$rtentry$$00000002)
    __rt_entry_sh                            0x08000225   Thumb Code     0  __rtentry4.o(.ARM.Collect$$rtentry$$00000004)
    __rt_entry_li                            0x0800022b   Thumb Code     0  __rtentry2.o(.ARM.Collect$$rtentry$$0000000A)
    __rt_entry_postsh_1                      0x0800022b   Thumb Code     0  __rtentry2.o(.ARM.Collect$$rtentry$$00000009)
    __rt_entry_main                          0x0800022f   Thumb Code     0  __rtentry2.o(.ARM.Collect$$rtentry$$0000000D)
    __rt_entry_postli_1                      0x0800022f   Thumb Code     0  __rtentry2.o(.ARM.Collect$$rtentry$$0000000C)
    __rt_exit                                0x08000237   Thumb Code     0  rtexit.o(.ARM.Collect$$rtexit$$00000000)
    __rt_exit_ls                             0x08000239   Thumb Code     0  rtexit2.o(.ARM.Collect$$rtexit$$00000003)
    __rt_exit_prels_1                        0x08000239   Thumb Code     0  rtexit2.o(.ARM.Collect$$rtexit$$00000002)
    __rt_exit_exit                           0x0800023d   Thumb Code     0  rtexit2.o(.ARM.Collect$$rtexit$$00000004)
    Reset_Handler                            0x08000245   Thumb Code     8  startup_stm32f207xx.o(.text)
    CAN1_RX0_IRQHandler                      0x0800025f   Thumb Code     0  startup_stm32f207xx.o(.text)
    CAN1_RX1_IRQHandler                      0x0800025f   Thumb Code     0  startup_stm32f207xx.o(.text)
    CAN1_SCE_IRQHandler                      0x0800025f   Thumb Code     0  startup_stm32f207xx.o(.text)
    CAN1_TX_IRQHandler                       0x0800025f   Thumb Code     0  startup_stm32f207xx.o(.text)
    CAN2_RX0_IRQHandler                      0x0800025f   Thumb Code     0  startup_stm32f207xx.o(.text)
    CAN2_RX1_IRQHandler                      0x0800025f   Thumb Code     0  startup_stm32f207xx.o(.text)
    CAN2_SCE_IRQHandler                      0x0800025f   Thumb Code     0  startup_stm32f207xx.o(.text)
    CAN2_TX_IRQHandler                       0x0800025f   Thumb Code     0  startup_stm32f207xx.o(.text)
    DCMI_IRQHandler                          0x0800025f   Thumb Code     0  startup_stm32f207xx.o(.text)
    DMA1_Stream0_IRQHandler                  0x0800025f   Thumb Code     0  startup_stm32f207xx.o(.text)
    DMA1_Stream1_IRQHandler                  0x0800025f   Thumb Code     0  startup_stm32f207xx.o(.text)
    DMA1_Stream2_IRQHandler                  0x0800025f   Thumb Code     0  startup_stm32f207xx.o(.text)
    DMA1_Stream3_IRQHandler                  0x0800025f   Thumb Code     0  startup_stm32f207xx.o(.text)
    DMA1_Stream4_IRQHandler                  0x0800025f   Thumb Code     0  startup_stm32f207xx.o(.text)
    DMA1_Stream5_IRQHandler                  0x0800025f   Thumb Code     0  startup_stm32f207xx.o(.text)
    DMA1_Stream6_IRQHandler                  0x0800025f   Thumb Code     0  startup_stm32f207xx.o(.text)
    DMA1_Stream7_IRQHandler                  0x0800025f   Thumb Code     0  startup_stm32f207xx.o(.text)
    DMA2_Stream0_IRQHandler                  0x0800025f   Thumb Code     0  startup_stm32f207xx.o(.text)
    DMA2_Stream1_IRQHandler                  0x0800025f   Thumb Code     0  startup_stm32f207xx.o(.text)
    DMA2_Stream2_IRQHandler                  0x0800025f   Thumb Code     0  startup_stm32f207xx.o(.text)
    DMA2_Stream3_IRQHandler                  0x0800025f   Thumb Code     0  startup_stm32f207xx.o(.text)
    DMA2_Stream4_IRQHandler                  0x0800025f   Thumb Code     0  startup_stm32f207xx.o(.text)
    DMA2_Stream5_IRQHandler                  0x0800025f   Thumb Code     0  startup_stm32f207xx.o(.text)
    DMA2_Stream6_IRQHandler                  0x0800025f   Thumb Code     0  startup_stm32f207xx.o(.text)
    DMA2_Stream7_IRQHandler                  0x0800025f   Thumb Code     0  startup_stm32f207xx.o(.text)
    ETH_IRQHandler                           0x0800025f   Thumb Code     0  startup_stm32f207xx.o(.text)
    ETH_WKUP_IRQHandler                      0x0800025f   Thumb Code     0  startup_stm32f207xx.o(.text)
    EXTI0_IRQHandler                         0x0800025f   Thumb Code     0  startup_stm32f207xx.o(.text)
    EXTI15_10_IRQHandler                     0x0800025f   Thumb Code     0  startup_stm32f207xx.o(.text)
    EXTI1_IRQHandler                         0x0800025f   Thumb Code     0  startup_stm32f207xx.o(.text)
    EXTI2_IRQHandler                         0x0800025f   Thumb Code     0  startup_stm32f207xx.o(.text)
    EXTI3_IRQHandler                         0x0800025f   Thumb Code     0  startup_stm32f207xx.o(.text)
    EXTI4_IRQHandler                         0x0800025f   Thumb Code     0  startup_stm32f207xx.o(.text)
    EXTI9_5_IRQHandler                       0x0800025f   Thumb Code     0  startup_stm32f207xx.o(.text)
    FLASH_IRQHandler                         0x0800025f   Thumb Code     0  startup_stm32f207xx.o(.text)
    FSMC_IRQHandler                          0x0800025f   Thumb Code     0  startup_stm32f207xx.o(.text)
    HASH_RNG_IRQHandler                      0x0800025f   Thumb Code     0  startup_stm32f207xx.o(.text)
    I2C1_ER_IRQHandler                       0x0800025f   Thumb Code     0  startup_stm32f207xx.o(.text)
    I2C1_EV_IRQHandler                       0x0800025f   Thumb Code     0  startup_stm32f207xx.o(.text)
    I2C2_ER_IRQHandler                       0x0800025f   Thumb Code     0  startup_stm32f207xx.o(.text)
    I2C2_EV_IRQHandler                       0x0800025f   Thumb Code     0  startup_stm32f207xx.o(.text)
    I2C3_ER_IRQHandler                       0x0800025f   Thumb Code     0  startup_stm32f207xx.o(.text)
    I2C3_EV_IRQHandler                       0x0800025f   Thumb Code     0  startup_stm32f207xx.o(.text)
    OTG_FS_IRQHandler                        0x0800025f   Thumb Code     0  startup_stm32f207xx.o(.text)
    OTG_FS_WKUP_IRQHandler                   0x0800025f   Thumb Code     0  startup_stm32f207xx.o(.text)
    OTG_HS_EP1_IN_IRQHandler                 0x0800025f   Thumb Code     0  startup_stm32f207xx.o(.text)
    OTG_HS_EP1_OUT_IRQHandler                0x0800025f   Thumb Code     0  startup_stm32f207xx.o(.text)
    OTG_HS_IRQHandler                        0x0800025f   Thumb Code     0  startup_stm32f207xx.o(.text)
    OTG_HS_WKUP_IRQHandler                   0x0800025f   Thumb Code     0  startup_stm32f207xx.o(.text)
    PVD_IRQHandler                           0x0800025f   Thumb Code     0  startup_stm32f207xx.o(.text)
    RCC_IRQHandler                           0x0800025f   Thumb Code     0  startup_stm32f207xx.o(.text)
    RTC_Alarm_IRQHandler                     0x0800025f   Thumb Code     0  startup_stm32f207xx.o(.text)
    RTC_WKUP_IRQHandler                      0x0800025f   Thumb Code     0  startup_stm32f207xx.o(.text)
    SDIO_IRQHandler                          0x0800025f   Thumb Code     0  startup_stm32f207xx.o(.text)
    SPI1_IRQHandler                          0x0800025f   Thumb Code     0  startup_stm32f207xx.o(.text)
    SPI2_IRQHandler                          0x0800025f   Thumb Code     0  startup_stm32f207xx.o(.text)
    SPI3_IRQHandler                          0x0800025f   Thumb Code     0  startup_stm32f207xx.o(.text)
    TAMP_STAMP_IRQHandler                    0x0800025f   Thumb Code     0  startup_stm32f207xx.o(.text)
    TIM1_BRK_TIM9_IRQHandler                 0x0800025f   Thumb Code     0  startup_stm32f207xx.o(.text)
    TIM1_CC_IRQHandler                       0x0800025f   Thumb Code     0  startup_stm32f207xx.o(.text)
    TIM1_TRG_COM_TIM11_IRQHandler            0x0800025f   Thumb Code     0  startup_stm32f207xx.o(.text)
    TIM1_UP_TIM10_IRQHandler                 0x0800025f   Thumb Code     0  startup_stm32f207xx.o(.text)
    TIM2_IRQHandler                          0x0800025f   Thumb Code     0  startup_stm32f207xx.o(.text)
    TIM3_IRQHandler                          0x0800025f   Thumb Code     0  startup_stm32f207xx.o(.text)
    TIM4_IRQHandler                          0x0800025f   Thumb Code     0  startup_stm32f207xx.o(.text)
    TIM5_IRQHandler                          0x0800025f   Thumb Code     0  startup_stm32f207xx.o(.text)
    TIM6_DAC_IRQHandler                      0x0800025f   Thumb Code     0  startup_stm32f207xx.o(.text)
    TIM7_IRQHandler                          0x0800025f   Thumb Code     0  startup_stm32f207xx.o(.text)
    TIM8_BRK_TIM12_IRQHandler                0x0800025f   Thumb Code     0  startup_stm32f207xx.o(.text)
    TIM8_CC_IRQHandler                       0x0800025f   Thumb Code     0  startup_stm32f207xx.o(.text)
    TIM8_TRG_COM_TIM14_IRQHandler            0x0800025f   Thumb Code     0  startup_stm32f207xx.o(.text)
    TIM8_UP_TIM13_IRQHandler                 0x0800025f   Thumb Code     0  startup_stm32f207xx.o(.text)
    UART4_IRQHandler                         0x0800025f   Thumb Code     0  startup_stm32f207xx.o(.text)
    UART5_IRQHandler                         0x0800025f   Thumb Code     0  startup_stm32f207xx.o(.text)
    USART2_IRQHandler                        0x0800025f   Thumb Code     0  startup_stm32f207xx.o(.text)
    USART3_IRQHandler                        0x0800025f   Thumb Code     0  startup_stm32f207xx.o(.text)
    USART6_IRQHandler                        0x0800025f   Thumb Code     0  startup_stm32f207xx.o(.text)
    WWDG_IRQHandler                          0x0800025f   Thumb Code     0  startup_stm32f207xx.o(.text)
    __user_initial_stackheap                 0x08000261   Thumb Code     0  startup_stm32f207xx.o(.text)
    __aeabi_uldivmod                         0x08000285   Thumb Code     0  lludivv7m.o(.text)
    _ll_udiv                                 0x08000285   Thumb Code   238  lludivv7m.o(.text)
    __2sprintf                               0x08000375   Thumb Code    34  noretval__2sprintf.o(.text)
    __printf                                 0x0800039d   Thumb Code   104  __printf.o(.text)
    _printf_int_dec                          0x08000405   Thumb Code   104  _printf_dec.o(.text)
    strcpy                                   0x0800047d   Thumb Code    72  strcpy.o(.text)
    strlen                                   0x080004c5   Thumb Code    62  strlen.o(.text)
    strcat                                   0x08000503   Thumb Code    24  strcat.o(.text)
    __aeabi_memclr4                          0x0800051b   Thumb Code     0  rt_memclr_w.o(.text)
    __aeabi_memclr8                          0x0800051b   Thumb Code     0  rt_memclr_w.o(.text)
    __rt_memclr_w                            0x0800051b   Thumb Code    78  rt_memclr_w.o(.text)
    _memset_w                                0x0800051f   Thumb Code     0  rt_memclr_w.o(.text)
    __use_two_region_memory                  0x08000569   Thumb Code     2  heapauxi.o(.text)
    __rt_heap_escrow$2region                 0x0800056b   Thumb Code     2  heapauxi.o(.text)
    __rt_heap_expand$2region                 0x0800056d   Thumb Code     2  heapauxi.o(.text)
    __cpp_initialize__aeabi_                 0x08000571   Thumb Code    26  init_aeabi.o(.text)
    _printf_int_common                       0x08000595   Thumb Code   178  _printf_intcommon.o(.text)
    __lib_sel_fp_printf                      0x08000647   Thumb Code     2  _printf_fp_dec.o(.text)
    _printf_fp_dec_real                      0x080007f9   Thumb Code   620  _printf_fp_dec.o(.text)
    _printf_char_common                      0x08000a6f   Thumb Code    32  _printf_char_common.o(.text)
    _sputc                                   0x08000a95   Thumb Code    10  _sputc.o(.text)
    __rt_locale                              0x08000aa1   Thumb Code     8  rt_locale_intlibspace.o(.text)
    _ll_udiv10                               0x08000aa9   Thumb Code   138  lludiv10.o(.text)
    _printf_fp_infnan                        0x08000b35   Thumb Code   112  _printf_fp_infnan.o(.text)
    _btod_etento                             0x08000bb5   Thumb Code   224  bigflt0.o(.text)
    __user_libspace                          0x08000c99   Thumb Code     8  libspace.o(.text)
    __user_perproc_libspace                  0x08000c99   Thumb Code     0  libspace.o(.text)
    __user_perthread_libspace                0x08000c99   Thumb Code     0  libspace.o(.text)
    __user_setup_stackheap                   0x08000ca1   Thumb Code    74  sys_stackheap_outer.o(.text)
    exit                                     0x08000ceb   Thumb Code    18  exit.o(.text)
    strcmp                                   0x08000cfd   Thumb Code   128  strcmpv7m.o(.text)
    _sys_exit                                0x08000d7d   Thumb Code     8  sys_exit.o(.text)
    __I$use$semihosting                      0x08000d89   Thumb Code     0  use_no_semi.o(.text)
    __use_no_semihosting_swi                 0x08000d89   Thumb Code     2  use_no_semi.o(.text)
    __semihosting_library_function           0x08000d8b   Thumb Code     0  indicate_semi.o(.text)
    _btod_d2e                                0x08000d8b   Thumb Code    62  btod.o(CL$$btod_d2e)
    _d2e_denorm_low                          0x08000dc9   Thumb Code    70  btod.o(CL$$btod_d2e_denorm_low)
    _d2e_norm_op1                            0x08000e0f   Thumb Code    96  btod.o(CL$$btod_d2e_norm_op1)
    __btod_div_common                        0x08000e6f   Thumb Code   696  btod.o(CL$$btod_div_common)
    _e2e                                     0x080011a7   Thumb Code   220  btod.o(CL$$btod_e2e)
    _btod_ediv                               0x08001283   Thumb Code    42  btod.o(CL$$btod_ediv)
    _btod_emul                               0x080012ad   Thumb Code    42  btod.o(CL$$btod_emul)
    __btod_mult_common                       0x080012d7   Thumb Code   580  btod.o(CL$$btod_mult_common)
    ADC_IRQHandler                           0x0800151d   Thumb Code     6  stm32f2xx_it.o(i.ADC_IRQHandler)
    BusFault_Handler                         0x08001529   Thumb Code     2  stm32f2xx_it.o(i.BusFault_Handler)
    DebugMon_Handler                         0x0800152b   Thumb Code     2  stm32f2xx_it.o(i.DebugMon_Handler)
    Error_Handler                            0x0800152d   Thumb Code     4  main.o(i.Error_Handler)
    HAL_ADCEx_InjectedConvCpltCallback       0x08001531   Thumb Code     2  stm32f2xx_hal_adc_ex.o(i.HAL_ADCEx_InjectedConvCpltCallback)
    HAL_ADC_ConfigChannel                    0x08001535   Thumb Code   322  stm32f2xx_hal_adc.o(i.HAL_ADC_ConfigChannel)
    HAL_ADC_ConvCpltCallback                 0x08001685   Thumb Code    24  main.o(i.HAL_ADC_ConvCpltCallback)
    HAL_ADC_ErrorCallback                    0x080016a5   Thumb Code     2  stm32f2xx_hal_adc.o(i.HAL_ADC_ErrorCallback)
    HAL_ADC_GetValue                         0x080016a7   Thumb Code     6  stm32f2xx_hal_adc.o(i.HAL_ADC_GetValue)
    HAL_ADC_IRQHandler                       0x080016ad   Thumb Code   316  stm32f2xx_hal_adc.o(i.HAL_ADC_IRQHandler)
    HAL_ADC_Init                             0x080017e9   Thumb Code    84  stm32f2xx_hal_adc.o(i.HAL_ADC_Init)
    HAL_ADC_LevelOutOfWindowCallback         0x0800183d   Thumb Code     2  stm32f2xx_hal_adc.o(i.HAL_ADC_LevelOutOfWindowCallback)
    HAL_ADC_MspInit                          0x08001841   Thumb Code   100  adc.o(i.HAL_ADC_MspInit)
    HAL_ADC_Start_IT                         0x080018b1   Thumb Code   198  stm32f2xx_hal_adc.o(i.HAL_ADC_Start_IT)
    HAL_DMA_Abort                            0x08001989   Thumb Code   146  stm32f2xx_hal_dma.o(i.HAL_DMA_Abort)
    HAL_DMA_Abort_IT                         0x08001a1b   Thumb Code    36  stm32f2xx_hal_dma.o(i.HAL_DMA_Abort_IT)
    HAL_GPIO_Init                            0x08001a41   Thumb Code   598  stm32f2xx_hal_gpio.o(i.HAL_GPIO_Init)
    HAL_GPIO_ReadPin                         0x08001cc9   Thumb Code    10  stm32f2xx_hal_gpio.o(i.HAL_GPIO_ReadPin)
    HAL_GPIO_WritePin                        0x08001cd3   Thumb Code    10  stm32f2xx_hal_gpio.o(i.HAL_GPIO_WritePin)
    HAL_GetTick                              0x08001cdd   Thumb Code     6  stm32f2xx_hal.o(i.HAL_GetTick)
    HAL_IncTick                              0x08001ce9   Thumb Code    12  stm32f2xx_hal.o(i.HAL_IncTick)
    HAL_Init                                 0x08001cf9   Thumb Code    48  stm32f2xx_hal.o(i.HAL_Init)
    HAL_InitTick                             0x08001d2d   Thumb Code    54  stm32f2xx_hal.o(i.HAL_InitTick)
    HAL_MspInit                              0x08001d6d   Thumb Code    42  stm32f2xx_hal_msp.o(i.HAL_MspInit)
    HAL_NVIC_EnableIRQ                       0x08001d9d   Thumb Code    26  stm32f2xx_hal_cortex.o(i.HAL_NVIC_EnableIRQ)
    HAL_NVIC_SetPriority                     0x08001db9   Thumb Code    60  stm32f2xx_hal_cortex.o(i.HAL_NVIC_SetPriority)
    HAL_NVIC_SetPriorityGrouping             0x08001df9   Thumb Code    26  stm32f2xx_hal_cortex.o(i.HAL_NVIC_SetPriorityGrouping)
    HAL_RCC_ClockConfig                      0x08001e1d   Thumb Code   296  stm32f2xx_hal_rcc.o(i.HAL_RCC_ClockConfig)
    HAL_RCC_GetPCLK1Freq                     0x08001f59   Thumb Code    34  stm32f2xx_hal_rcc.o(i.HAL_RCC_GetPCLK1Freq)
    HAL_RCC_GetPCLK2Freq                     0x08001f89   Thumb Code    34  stm32f2xx_hal_rcc.o(i.HAL_RCC_GetPCLK2Freq)
    HAL_RCC_GetSysClockFreq                  0x08001fb9   Thumb Code    88  stm32f2xx_hal_rcc.o(i.HAL_RCC_GetSysClockFreq)
    HAL_RCC_OscConfig                        0x08002019   Thumb Code   800  stm32f2xx_hal_rcc.o(i.HAL_RCC_OscConfig)
    HAL_SYSTICK_Config                       0x08002351   Thumb Code    40  stm32f2xx_hal_cortex.o(i.HAL_SYSTICK_Config)
    HAL_UARTEx_RxEventCallback               0x08002379   Thumb Code     2  stm32f2xx_hal_uart.o(i.HAL_UARTEx_RxEventCallback)
    HAL_UART_ErrorCallback                   0x0800237b   Thumb Code     2  stm32f2xx_hal_uart.o(i.HAL_UART_ErrorCallback)
    HAL_UART_IRQHandler                      0x0800237d   Thumb Code   522  stm32f2xx_hal_uart.o(i.HAL_UART_IRQHandler)
    HAL_UART_Init                            0x0800258d   Thumb Code    98  stm32f2xx_hal_uart.o(i.HAL_UART_Init)
    HAL_UART_MspInit                         0x080025f1   Thumb Code   110  usart.o(i.HAL_UART_MspInit)
    HAL_UART_RxCpltCallback                  0x0800266d   Thumb Code     2  stm32f2xx_hal_uart.o(i.HAL_UART_RxCpltCallback)
    HAL_UART_Transmit                        0x08002671   Thumb Code   178  stm32f2xx_hal_uart.o(i.HAL_UART_Transmit)
    HAL_UART_TxCpltCallback                  0x08002723   Thumb Code     2  stm32f2xx_hal_uart.o(i.HAL_UART_TxCpltCallback)
    HardFault_Handler                        0x08002725   Thumb Code     2  stm32f2xx_it.o(i.HardFault_Handler)
    MX_ADC1_Init                             0x08002729   Thumb Code    84  adc.o(i.MX_ADC1_Init)
    MX_GPIO_Init                             0x08002789   Thumb Code   132  gpio.o(i.MX_GPIO_Init)
    MX_USART1_UART_Init                      0x08002819   Thumb Code    48  usart.o(i.MX_USART1_UART_Init)
    MemManage_Handler                        0x08002851   Thumb Code     2  stm32f2xx_it.o(i.MemManage_Handler)
    NMI_Handler                              0x08002853   Thumb Code     2  stm32f2xx_it.o(i.NMI_Handler)
    PendSV_Handler                           0x08002855   Thumb Code     2  stm32f2xx_it.o(i.PendSV_Handler)
    SVC_Handler                              0x08002857   Thumb Code     2  stm32f2xx_it.o(i.SVC_Handler)
    SysTick_Handler                          0x08002859   Thumb Code     4  stm32f2xx_it.o(i.SysTick_Handler)
    SystemInit                               0x0800285d   Thumb Code     2  system_stm32f2xx.o(i.SystemInit)
    USART1_IRQHandler                        0x08002861   Thumb Code     6  stm32f2xx_it.o(i.USART1_IRQHandler)
    UsageFault_Handler                       0x0800286d   Thumb Code     2  stm32f2xx_it.o(i.UsageFault_Handler)
    read_average(unsigned)                   0x08002871   Thumb Code    58  main.o(i._Z12read_averagej)
    SystemClock_Config()                     0x080028b5   Thumb Code   102  main.o(i._Z18SystemClock_Configv)
    tiem_can()                               0x0800291d   Thumb Code    44  main.o(i._Z8tiem_canv)
    SimpleKalmanFilter::updateEstimate(float) 0x0800294d   Thumb Code   136  simplekalmanfilter.o(i._ZN18SimpleKalmanFilter14updateEstimateEf)
    SimpleKalmanFilter::SimpleKalmanFilter(float, float, float) 0x080029d9   Thumb Code    16  simplekalmanfilter.o(i._ZN18SimpleKalmanFilterC1Efff)
    SimpleKalmanFilter::SimpleKalmanFilter__sub_object(float, float, float) 0x080029d9   Thumb Code     0  simplekalmanfilter.o(i._ZN18SimpleKalmanFilterC1Efff)
    __ARM_fpclassify                         0x08002dbf   Thumb Code    40  fpclassify.o(i.__ARM_fpclassify)
    main                                     0x08002dfd   Thumb Code   222  main.o(i.main)
    _get_lc_numeric                          0x08002f05   Thumb Code    44  lc_numeric_c.o(locale$$code)
    __aeabi_d2f                              0x08002f31   Thumb Code     0  d2f.o(x$fpl$d2f)
    _d2f                                     0x08002f31   Thumb Code    98  d2f.o(x$fpl$d2f)
    __aeabi_dadd                             0x08002f95   Thumb Code     0  daddsub_clz.o(x$fpl$dadd)
    _dadd                                    0x08002f95   Thumb Code   332  daddsub_clz.o(x$fpl$dadd)
    __aeabi_dmul                             0x080030e5   Thumb Code     0  dmul.o(x$fpl$dmul)
    _dmul                                    0x080030e5   Thumb Code   332  dmul.o(x$fpl$dmul)
    __fpl_dnaninf                            0x08003239   Thumb Code   156  dnaninf.o(x$fpl$dnaninf)
    __fpl_dretinf                            0x080032d5   Thumb Code    12  dretinf.o(x$fpl$dretinf)
    __aeabi_drsub                            0x080032e1   Thumb Code     0  daddsub_clz.o(x$fpl$drsb)
    _drsb                                    0x080032e1   Thumb Code    22  daddsub_clz.o(x$fpl$drsb)
    __aeabi_dsub                             0x080032f9   Thumb Code     0  daddsub_clz.o(x$fpl$dsub)
    _dsub                                    0x080032f9   Thumb Code   464  daddsub_clz.o(x$fpl$dsub)
    __aeabi_f2d                              0x080034cd   Thumb Code     0  f2d.o(x$fpl$f2d)
    _f2d                                     0x080034cd   Thumb Code    86  f2d.o(x$fpl$f2d)
    __aeabi_fadd                             0x08003525   Thumb Code     0  faddsub_clz.o(x$fpl$fadd)
    _fadd                                    0x08003525   Thumb Code   196  faddsub_clz.o(x$fpl$fadd)
    __fpl_fcmp_Inf                           0x080035e9   Thumb Code    24  fcmpi.o(x$fpl$fcmpinf)
    __aeabi_fdiv                             0x08003601   Thumb Code     0  fdiv.o(x$fpl$fdiv)
    _fdiv                                    0x08003601   Thumb Code   384  fdiv.o(x$fpl$fdiv)
    __aeabi_f2uiz                            0x08003785   Thumb Code     0  ffixu.o(x$fpl$ffixu)
    _ffixu                                   0x08003785   Thumb Code    62  ffixu.o(x$fpl$ffixu)
    __aeabi_ui2f                             0x080037c5   Thumb Code     0  fflt_clz.o(x$fpl$ffltu)
    _ffltu                                   0x080037c5   Thumb Code    38  fflt_clz.o(x$fpl$ffltu)
    __aeabi_cfcmple                          0x080037ed   Thumb Code     0  fleqf.o(x$fpl$fleqf)
    _fcmple                                  0x080037ed   Thumb Code   104  fleqf.o(x$fpl$fleqf)
    __fpl_fcmple_InfNaN                      0x0800383f   Thumb Code     0  fleqf.o(x$fpl$fleqf)
    __aeabi_fmul                             0x08003855   Thumb Code     0  fmul.o(x$fpl$fmul)
    _fmul                                    0x08003855   Thumb Code   258  fmul.o(x$fpl$fmul)
    __fpl_fnaninf                            0x08003957   Thumb Code   140  fnaninf.o(x$fpl$fnaninf)
    __fpl_fretinf                            0x080039e3   Thumb Code    10  fretinf.o(x$fpl$fretinf)
    __aeabi_cfrcmple                         0x080039ed   Thumb Code     0  frleqf.o(x$fpl$frleqf)
    _frcmple                                 0x080039ed   Thumb Code    98  frleqf.o(x$fpl$frleqf)
    __aeabi_fsub                             0x08003a51   Thumb Code     0  faddsub_clz.o(x$fpl$fsub)
    _fsub                                    0x08003a51   Thumb Code   234  faddsub_clz.o(x$fpl$fsub)
    _printf_fp_dec                           0x08003b3b   Thumb Code     4  printf1.o(x$fpl$printf1)
    AHBPrescTable                            0x08003b3e   Data          16  system_stm32f2xx.o(.constdata)
    __I$use$fp                               0x08003b3e   Number         0  usenofp.o(x$fpl$usenofp)
    APBPrescTable                            0x08003b4e   Data           8  system_stm32f2xx.o(.constdata)
    Region$$Table$$Base                      0x08003bec   Number         0  anon$$obj.o(Region$$Table)
    Region$$Table$$Limit                     0x08003c0c   Number         0  anon$$obj.o(Region$$Table)
    SHT$$INIT_ARRAY$$Base                    0x08003c28   Number         0  main.o(.init_array)
    SHT$$INIT_ARRAY$$Limit                   0x08003c2c   Number         0  init_aeabi.o(.init_array)
    gia_tri_tiem_cam                         0x20000001   Data           1  main.o(.data)
    gia_tri2                                 0x20000002   Data           1  main.o(.data)
    gia_tri3                                 0x20000003   Data           1  main.o(.data)
    dau_ngoac                                0x20000004   Data           2  main.o(.data)
    ADC_value1                               0x20000010   Data           4  main.o(.data)
    adc_kalman                               0x20000014   Data           4  main.o(.data)
    max                                      0x20000018   Data           4  main.o(.data)
    pData                                    0x2000001c   Data           8  main.o(.data)
    uwTickFreq                               0x20000024   Data           1  stm32f2xx_hal.o(.data)
    uwTickPrio                               0x20000028   Data           4  stm32f2xx_hal.o(.data)
    uwTick                                   0x2000002c   Data           4  stm32f2xx_hal.o(.data)
    SystemCoreClock                          0x20000030   Data           4  system_stm32f2xx.o(.data)
    adc                                      0x20000074   Data          24  main.o(.bss)
    hadc1                                    0x2000008c   Data          72  adc.o(.bss)
    huart1                                   0x200000d4   Data          68  usart.o(.bss)
    __libspace_start                         0x20000118   Data          96  libspace.o(.bss)
    __temporary_stack_top$libspace           0x20000178   Data           0  libspace.o(.bss)



==============================================================================

Memory Map of the image

  Image Entry point : 0x08000185

  Load Region LR_IROM1 (Base: 0x08000000, Size: 0x00003c60, Max: 0x00100000, ABSOLUTE)

    Execution Region ER_IROM1 (Exec base: 0x08000000, Load base: 0x08000000, Size: 0x00003c2c, Max: 0x00100000, ABSOLUTE)

    Exec Addr    Load Addr    Size         Type   Attr      Idx    E Section Name        Object

    0x08000000   0x08000000   0x00000184   Data   RO            3    RESET               startup_stm32f207xx.o
    0x08000184   0x08000184   0x00000008   Code   RO         2586  * !!!main             c_w.l(__main.o)
    0x0800018c   0x0800018c   0x00000034   Code   RO         2864    !!!scatter          c_w.l(__scatter.o)
    0x080001c0   0x080001c0   0x0000001a   Code   RO         2866    !!handler_copy      c_w.l(__scatter_copy.o)
    0x080001da   0x080001da   0x00000002   PAD
    0x080001dc   0x080001dc   0x0000001c   Code   RO         2868    !!handler_zi        c_w.l(__scatter_zi.o)
    0x080001f8   0x080001f8   0x00000000   Code   RO         2575    .ARM.Collect$$_printf_percent$$00000000  c_w.l(_printf_percent.o)
    0x080001f8   0x080001f8   0x00000006   Code   RO         2574    .ARM.Collect$$_printf_percent$$00000003  c_w.l(_printf_f.o)
    0x080001fe   0x080001fe   0x00000006   Code   RO         2573    .ARM.Collect$$_printf_percent$$00000009  c_w.l(_printf_d.o)
    0x08000204   0x08000204   0x00000004   Code   RO         2645    .ARM.Collect$$_printf_percent$$00000017  c_w.l(_printf_percent_end.o)
    0x08000208   0x08000208   0x00000002   Code   RO         2790    .ARM.Collect$$libinit$$00000000  c_w.l(libinit.o)
    0x0800020a   0x0800020a   0x00000000   Code   RO         2647    .ARM.Collect$$libinit$$00000002  c_w.l(libinit2.o)
    0x0800020a   0x0800020a   0x00000000   Code   RO         2649    .ARM.Collect$$libinit$$00000004  c_w.l(libinit2.o)
    0x0800020a   0x0800020a   0x00000000   Code   RO         2652    .ARM.Collect$$libinit$$0000000A  c_w.l(libinit2.o)
    0x0800020a   0x0800020a   0x00000000   Code   RO         2654    .ARM.Collect$$libinit$$0000000C  c_w.l(libinit2.o)
    0x0800020a   0x0800020a   0x00000000   Code   RO         2656    .ARM.Collect$$libinit$$0000000E  c_w.l(libinit2.o)
    0x0800020a   0x0800020a   0x00000006   Code   RO         2657    .ARM.Collect$$libinit$$0000000F  c_w.l(libinit2.o)
    0x08000210   0x08000210   0x00000000   Code   RO         2659    .ARM.Collect$$libinit$$00000011  c_w.l(libinit2.o)
    0x08000210   0x08000210   0x00000000   Code   RO         2661    .ARM.Collect$$libinit$$00000013  c_w.l(libinit2.o)
    0x08000210   0x08000210   0x00000000   Code   RO         2663    .ARM.Collect$$libinit$$00000015  c_w.l(libinit2.o)
    0x08000210   0x08000210   0x0000000a   Code   RO         2664    .ARM.Collect$$libinit$$00000016  c_w.l(libinit2.o)
    0x0800021a   0x0800021a   0x00000000   Code   RO         2665    .ARM.Collect$$libinit$$00000017  c_w.l(libinit2.o)
    0x0800021a   0x0800021a   0x00000000   Code   RO         2667    .ARM.Collect$$libinit$$00000019  c_w.l(libinit2.o)
    0x0800021a   0x0800021a   0x00000000   Code   RO         2669    .ARM.Collect$$libinit$$0000001B  c_w.l(libinit2.o)
    0x0800021a   0x0800021a   0x00000000   Code   RO         2671    .ARM.Collect$$libinit$$0000001D  c_w.l(libinit2.o)
    0x0800021a   0x0800021a   0x00000000   Code   RO         2673    .ARM.Collect$$libinit$$0000001F  c_w.l(libinit2.o)
    0x0800021a   0x0800021a   0x00000000   Code   RO         2675    .ARM.Collect$$libinit$$00000021  c_w.l(libinit2.o)
    0x0800021a   0x0800021a   0x00000000   Code   RO         2677    .ARM.Collect$$libinit$$00000023  c_w.l(libinit2.o)
    0x0800021a   0x0800021a   0x00000000   Code   RO         2679    .ARM.Collect$$libinit$$00000025  c_w.l(libinit2.o)
    0x0800021a   0x0800021a   0x00000000   Code   RO         2683    .ARM.Collect$$libinit$$0000002C  c_w.l(libinit2.o)
    0x0800021a   0x0800021a   0x00000000   Code   RO         2685    .ARM.Collect$$libinit$$0000002E  c_w.l(libinit2.o)
    0x0800021a   0x0800021a   0x00000000   Code   RO         2687    .ARM.Collect$$libinit$$00000030  c_w.l(libinit2.o)
    0x0800021a   0x0800021a   0x00000004   Code   RO         2688    .ARM.Collect$$libinit$$00000031  c_w.l(libinit2.o)
    0x0800021e   0x0800021e   0x00000000   Code   RO         2689    .ARM.Collect$$libinit$$00000032  c_w.l(libinit2.o)
    0x0800021e   0x0800021e   0x00000002   Code   RO         2690    .ARM.Collect$$libinit$$00000033  c_w.l(libinit2.o)
    0x08000220   0x08000220   0x00000002   Code   RO         2831    .ARM.Collect$$libshutdown$$00000000  c_w.l(libshutdown.o)
    0x08000222   0x08000222   0x00000000   Code   RO         2847    .ARM.Collect$$libshutdown$$00000002  c_w.l(libshutdown2.o)
    0x08000222   0x08000222   0x00000000   Code   RO         2849    .ARM.Collect$$libshutdown$$00000004  c_w.l(libshutdown2.o)
    0x08000222   0x08000222   0x00000000   Code   RO         2852    .ARM.Collect$$libshutdown$$00000007  c_w.l(libshutdown2.o)
    0x08000222   0x08000222   0x00000000   Code   RO         2855    .ARM.Collect$$libshutdown$$0000000A  c_w.l(libshutdown2.o)
    0x08000222   0x08000222   0x00000000   Code   RO         2857    .ARM.Collect$$libshutdown$$0000000C  c_w.l(libshutdown2.o)
    0x08000222   0x08000222   0x00000000   Code   RO         2860    .ARM.Collect$$libshutdown$$0000000F  c_w.l(libshutdown2.o)
    0x08000222   0x08000222   0x00000002   Code   RO         2861    .ARM.Collect$$libshutdown$$00000010  c_w.l(libshutdown2.o)
    0x08000224   0x08000224   0x00000000   Code   RO         2632    .ARM.Collect$$rtentry$$00000000  c_w.l(__rtentry.o)
    0x08000224   0x08000224   0x00000000   Code   RO         2703    .ARM.Collect$$rtentry$$00000002  c_w.l(__rtentry2.o)
    0x08000224   0x08000224   0x00000006   Code   RO         2715    .ARM.Collect$$rtentry$$00000004  c_w.l(__rtentry4.o)
    0x0800022a   0x0800022a   0x00000000   Code   RO         2705    .ARM.Collect$$rtentry$$00000009  c_w.l(__rtentry2.o)
    0x0800022a   0x0800022a   0x00000004   Code   RO         2706    .ARM.Collect$$rtentry$$0000000A  c_w.l(__rtentry2.o)
    0x0800022e   0x0800022e   0x00000000   Code   RO         2708    .ARM.Collect$$rtentry$$0000000C  c_w.l(__rtentry2.o)
    0x0800022e   0x0800022e   0x00000008   Code   RO         2709    .ARM.Collect$$rtentry$$0000000D  c_w.l(__rtentry2.o)
    0x08000236   0x08000236   0x00000002   Code   RO         2793    .ARM.Collect$$rtexit$$00000000  c_w.l(rtexit.o)
    0x08000238   0x08000238   0x00000000   Code   RO         2813    .ARM.Collect$$rtexit$$00000002  c_w.l(rtexit2.o)
    0x08000238   0x08000238   0x00000004   Code   RO         2814    .ARM.Collect$$rtexit$$00000003  c_w.l(rtexit2.o)
    0x0800023c   0x0800023c   0x00000006   Code   RO         2815    .ARM.Collect$$rtexit$$00000004  c_w.l(rtexit2.o)
    0x08000242   0x08000242   0x00000002   PAD
    0x08000244   0x08000244   0x00000040   Code   RO            4    .text               startup_stm32f207xx.o
    0x08000284   0x08000284   0x000000ee   Code   RO         2543    .text               c_w.l(lludivv7m.o)
    0x08000372   0x08000372   0x00000002   PAD
    0x08000374   0x08000374   0x00000028   Code   RO         2547    .text               c_w.l(noretval__2sprintf.o)
    0x0800039c   0x0800039c   0x00000068   Code   RO         2549    .text               c_w.l(__printf.o)
    0x08000404   0x08000404   0x00000078   Code   RO         2551    .text               c_w.l(_printf_dec.o)
    0x0800047c   0x0800047c   0x00000048   Code   RO         2576    .text               c_w.l(strcpy.o)
    0x080004c4   0x080004c4   0x0000003e   Code   RO         2578    .text               c_w.l(strlen.o)
    0x08000502   0x08000502   0x00000018   Code   RO         2580    .text               c_w.l(strcat.o)
    0x0800051a   0x0800051a   0x0000004e   Code   RO         2582    .text               c_w.l(rt_memclr_w.o)
    0x08000568   0x08000568   0x00000006   Code   RO         2584    .text               c_w.l(heapauxi.o)
    0x0800056e   0x0800056e   0x00000002   PAD
    0x08000570   0x08000570   0x00000024   Code   RO         2591    .text               c_w.l(init_aeabi.o)
    0x08000594   0x08000594   0x000000b2   Code   RO         2637    .text               c_w.l(_printf_intcommon.o)
    0x08000646   0x08000646   0x0000041e   Code   RO         2639    .text               c_w.l(_printf_fp_dec.o)
    0x08000a64   0x08000a64   0x00000030   Code   RO         2641    .text               c_w.l(_printf_char_common.o)
    0x08000a94   0x08000a94   0x0000000a   Code   RO         2643    .text               c_w.l(_sputc.o)
    0x08000a9e   0x08000a9e   0x00000002   PAD
    0x08000aa0   0x08000aa0   0x00000008   Code   RO         2722    .text               c_w.l(rt_locale_intlibspace.o)
    0x08000aa8   0x08000aa8   0x0000008a   Code   RO         2724    .text               c_w.l(lludiv10.o)
    0x08000b32   0x08000b32   0x00000002   PAD
    0x08000b34   0x08000b34   0x00000080   Code   RO         2726    .text               c_w.l(_printf_fp_infnan.o)
    0x08000bb4   0x08000bb4   0x000000e4   Code   RO         2730    .text               c_w.l(bigflt0.o)
    0x08000c98   0x08000c98   0x00000008   Code   RO         2768    .text               c_w.l(libspace.o)
    0x08000ca0   0x08000ca0   0x0000004a   Code   RO         2771    .text               c_w.l(sys_stackheap_outer.o)
    0x08000cea   0x08000cea   0x00000012   Code   RO         2773    .text               c_w.l(exit.o)
    0x08000cfc   0x08000cfc   0x00000080   Code   RO         2779    .text               c_w.l(strcmpv7m.o)
    0x08000d7c   0x08000d7c   0x0000000c   Code   RO         2807    .text               c_w.l(sys_exit.o)
    0x08000d88   0x08000d88   0x00000002   Code   RO         2809    .text               c_w.l(use_no_semi.o)
    0x08000d8a   0x08000d8a   0x00000000   Code   RO         2811    .text               c_w.l(indicate_semi.o)
    0x08000d8a   0x08000d8a   0x0000003e   Code   RO         2733    CL$$btod_d2e        c_w.l(btod.o)
    0x08000dc8   0x08000dc8   0x00000046   Code   RO         2735    CL$$btod_d2e_denorm_low  c_w.l(btod.o)
    0x08000e0e   0x08000e0e   0x00000060   Code   RO         2734    CL$$btod_d2e_norm_op1  c_w.l(btod.o)
    0x08000e6e   0x08000e6e   0x00000338   Code   RO         2743    CL$$btod_div_common  c_w.l(btod.o)
    0x080011a6   0x080011a6   0x000000dc   Code   RO         2740    CL$$btod_e2e        c_w.l(btod.o)
    0x08001282   0x08001282   0x0000002a   Code   RO         2737    CL$$btod_ediv       c_w.l(btod.o)
    0x080012ac   0x080012ac   0x0000002a   Code   RO         2736    CL$$btod_emul       c_w.l(btod.o)
    0x080012d6   0x080012d6   0x00000244   Code   RO         2742    CL$$btod_mult_common  c_w.l(btod.o)
    0x0800151a   0x0800151a   0x00000002   PAD
    0x0800151c   0x0800151c   0x0000000c   Code   RO          319    i.ADC_IRQHandler    stm32f2xx_it.o
    0x08001528   0x08001528   0x00000002   Code   RO          320    i.BusFault_Handler  stm32f2xx_it.o
    0x0800152a   0x0800152a   0x00000002   Code   RO          321    i.DebugMon_Handler  stm32f2xx_it.o
    0x0800152c   0x0800152c   0x00000004   Code   RO           13    i.Error_Handler     main.o
    0x08001530   0x08001530   0x00000002   Code   RO          640    i.HAL_ADCEx_InjectedConvCpltCallback  stm32f2xx_hal_adc_ex.o
    0x08001532   0x08001532   0x00000002   PAD
    0x08001534   0x08001534   0x00000150   Code   RO          444    i.HAL_ADC_ConfigChannel  stm32f2xx_hal_adc.o
    0x08001684   0x08001684   0x00000020   Code   RO           14    i.HAL_ADC_ConvCpltCallback  main.o
    0x080016a4   0x080016a4   0x00000002   Code   RO          448    i.HAL_ADC_ErrorCallback  stm32f2xx_hal_adc.o
    0x080016a6   0x080016a6   0x00000006   Code   RO          451    i.HAL_ADC_GetValue  stm32f2xx_hal_adc.o
    0x080016ac   0x080016ac   0x0000013c   Code   RO          452    i.HAL_ADC_IRQHandler  stm32f2xx_hal_adc.o
    0x080017e8   0x080017e8   0x00000054   Code   RO          453    i.HAL_ADC_Init      stm32f2xx_hal_adc.o
    0x0800183c   0x0800183c   0x00000002   Code   RO          454    i.HAL_ADC_LevelOutOfWindowCallback  stm32f2xx_hal_adc.o
    0x0800183e   0x0800183e   0x00000002   PAD
    0x08001840   0x08001840   0x00000070   Code   RO          230    i.HAL_ADC_MspInit   adc.o
    0x080018b0   0x080018b0   0x000000d8   Code   RO          461    i.HAL_ADC_Start_IT  stm32f2xx_hal_adc.o
    0x08001988   0x08001988   0x00000092   Code   RO         1747    i.HAL_DMA_Abort     stm32f2xx_hal_dma.o
    0x08001a1a   0x08001a1a   0x00000024   Code   RO         1748    i.HAL_DMA_Abort_IT  stm32f2xx_hal_dma.o
    0x08001a3e   0x08001a3e   0x00000002   PAD
    0x08001a40   0x08001a40   0x00000288   Code   RO         1676    i.HAL_GPIO_Init     stm32f2xx_hal_gpio.o
    0x08001cc8   0x08001cc8   0x0000000a   Code   RO         1678    i.HAL_GPIO_ReadPin  stm32f2xx_hal_gpio.o
    0x08001cd2   0x08001cd2   0x0000000a   Code   RO         1680    i.HAL_GPIO_WritePin  stm32f2xx_hal_gpio.o
    0x08001cdc   0x08001cdc   0x0000000c   Code   RO          772    i.HAL_GetTick       stm32f2xx_hal.o
    0x08001ce8   0x08001ce8   0x00000010   Code   RO          778    i.HAL_IncTick       stm32f2xx_hal.o
    0x08001cf8   0x08001cf8   0x00000034   Code   RO          779    i.HAL_Init          stm32f2xx_hal.o
    0x08001d2c   0x08001d2c   0x00000040   Code   RO          780    i.HAL_InitTick      stm32f2xx_hal.o
    0x08001d6c   0x08001d6c   0x00000030   Code   RO          418    i.HAL_MspInit       stm32f2xx_hal_msp.o
    0x08001d9c   0x08001d9c   0x0000001a   Code   RO         1139    i.HAL_NVIC_EnableIRQ  stm32f2xx_hal_cortex.o
    0x08001db6   0x08001db6   0x00000002   PAD
    0x08001db8   0x08001db8   0x00000040   Code   RO         1145    i.HAL_NVIC_SetPriority  stm32f2xx_hal_cortex.o
    0x08001df8   0x08001df8   0x00000024   Code   RO         1146    i.HAL_NVIC_SetPriorityGrouping  stm32f2xx_hal_cortex.o
    0x08001e1c   0x08001e1c   0x0000013c   Code   RO          973    i.HAL_RCC_ClockConfig  stm32f2xx_hal_rcc.o
    0x08001f58   0x08001f58   0x00000030   Code   RO          980    i.HAL_RCC_GetPCLK1Freq  stm32f2xx_hal_rcc.o
    0x08001f88   0x08001f88   0x00000030   Code   RO          981    i.HAL_RCC_GetPCLK2Freq  stm32f2xx_hal_rcc.o
    0x08001fb8   0x08001fb8   0x00000060   Code   RO          982    i.HAL_RCC_GetSysClockFreq  stm32f2xx_hal_rcc.o
    0x08002018   0x08002018   0x00000338   Code   RO          985    i.HAL_RCC_OscConfig  stm32f2xx_hal_rcc.o
    0x08002350   0x08002350   0x00000028   Code   RO         1150    i.HAL_SYSTICK_Config  stm32f2xx_hal_cortex.o
    0x08002378   0x08002378   0x00000002   Code   RO         2041    i.HAL_UARTEx_RxEventCallback  stm32f2xx_hal_uart.o
    0x0800237a   0x0800237a   0x00000002   Code   RO         2055    i.HAL_UART_ErrorCallback  stm32f2xx_hal_uart.o
    0x0800237c   0x0800237c   0x00000210   Code   RO         2058    i.HAL_UART_IRQHandler  stm32f2xx_hal_uart.o
    0x0800258c   0x0800258c   0x00000062   Code   RO         2059    i.HAL_UART_Init     stm32f2xx_hal_uart.o
    0x080025ee   0x080025ee   0x00000002   PAD
    0x080025f0   0x080025f0   0x0000007c   Code   RO          275    i.HAL_UART_MspInit  usart.o
    0x0800266c   0x0800266c   0x00000002   Code   RO         2065    i.HAL_UART_RxCpltCallback  stm32f2xx_hal_uart.o
    0x0800266e   0x0800266e   0x00000002   PAD
    0x08002670   0x08002670   0x000000b2   Code   RO         2067    i.HAL_UART_Transmit  stm32f2xx_hal_uart.o
    0x08002722   0x08002722   0x00000002   Code   RO         2070    i.HAL_UART_TxCpltCallback  stm32f2xx_hal_uart.o
    0x08002724   0x08002724   0x00000002   Code   RO          322    i.HardFault_Handler  stm32f2xx_it.o
    0x08002726   0x08002726   0x00000002   PAD
    0x08002728   0x08002728   0x00000060   Code   RO          231    i.MX_ADC1_Init      adc.o
    0x08002788   0x08002788   0x00000090   Code   RO          204    i.MX_GPIO_Init      gpio.o
    0x08002818   0x08002818   0x00000038   Code   RO          276    i.MX_USART1_UART_Init  usart.o
    0x08002850   0x08002850   0x00000002   Code   RO          323    i.MemManage_Handler  stm32f2xx_it.o
    0x08002852   0x08002852   0x00000002   Code   RO          324    i.NMI_Handler       stm32f2xx_it.o
    0x08002854   0x08002854   0x00000002   Code   RO          325    i.PendSV_Handler    stm32f2xx_it.o
    0x08002856   0x08002856   0x00000002   Code   RO          326    i.SVC_Handler       stm32f2xx_it.o
    0x08002858   0x08002858   0x00000004   Code   RO          327    i.SysTick_Handler   stm32f2xx_it.o
    0x0800285c   0x0800285c   0x00000002   Code   RO         2447    i.SystemInit        system_stm32f2xx.o
    0x0800285e   0x0800285e   0x00000002   PAD
    0x08002860   0x08002860   0x0000000c   Code   RO          328    i.USART1_IRQHandler  stm32f2xx_it.o
    0x0800286c   0x0800286c   0x00000002   Code   RO          329    i.UsageFault_Handler  stm32f2xx_it.o
    0x0800286e   0x0800286e   0x00000002   PAD
    0x08002870   0x08002870   0x00000044   Code   RO           15    i._Z12read_averagej  main.o
    0x080028b4   0x080028b4   0x00000066   Code   RO           16    i._Z18SystemClock_Configv  main.o
    0x0800291a   0x0800291a   0x00000002   PAD
    0x0800291c   0x0800291c   0x00000030   Code   RO           18    i._Z8tiem_canv      main.o
    0x0800294c   0x0800294c   0x0000008c   Code   RO         2484    i._ZN18SimpleKalmanFilter14updateEstimateEf  simplekalmanfilter.o
    0x080029d8   0x080029d8   0x00000010   Code   RO         2489    i._ZN18SimpleKalmanFilterC1Efff  simplekalmanfilter.o
    0x080029e8   0x080029e8   0x00000138   Code   RO          468    i._ZN41_INTERNAL_19_stm32f2xx_hal_adc_c_52ef8f508ADC_InitEP17ADC_HandleTypeDef  stm32f2xx_hal_adc.o
    0x08002b20   0x08002b20   0x00000124   Code   RO         2075    i._ZN42_INTERNAL_20_stm32f2xx_hal_uart_c_d497114f14UART_SetConfigEP20__UART_HandleTypeDef  stm32f2xx_hal_uart.o
    0x08002c44   0x08002c44   0x000000b6   Code   RO         2076    i._ZN42_INTERNAL_20_stm32f2xx_hal_uart_c_d497114f15UART_Receive_ITEP20__UART_HandleTypeDef  stm32f2xx_hal_uart.o
    0x08002cfa   0x08002cfa   0x00000030   Code   RO         2079    i._ZN42_INTERNAL_20_stm32f2xx_hal_uart_c_d497114f18UART_EndRxTransferEP20__UART_HandleTypeDef  stm32f2xx_hal_uart.o
    0x08002d2a   0x08002d2a   0x00000010   Code   RO         2082    i._ZN42_INTERNAL_20_stm32f2xx_hal_uart_c_d497114f20UART_DMAAbortOnErrorEP19__DMA_HandleTypeDef  stm32f2xx_hal_uart.o
    0x08002d3a   0x08002d3a   0x00000064   Code   RO         2088    i._ZN42_INTERNAL_20_stm32f2xx_hal_uart_c_d497114f27UART_WaitOnFlagUntilTimeoutEP20__UART_HandleTypeDefj10FlagStatusjj  stm32f2xx_hal_uart.o
    0x08002d9e   0x08002d9e   0x00000020   Code   RO         1152    i._ZN44_INTERNAL_22_stm32f2xx_hal_cortex_c_2992dbc018__NVIC_SetPriorityE9IRQn_Typej  stm32f2xx_hal_cortex.o
    0x08002dbe   0x08002dbe   0x00000028   Code   RO         2766    i.__ARM_fpclassify  m_ws.l(fpclassify.o)
    0x08002de6   0x08002de6   0x00000002   PAD
    0x08002de8   0x08002de8   0x00000014   Code   RO           19    i.__sti___6_main_c_adc  main.o
    0x08002dfc   0x08002dfc   0x00000108   Code   RO           20    i.main              main.o
    0x08002f04   0x08002f04   0x0000002c   Code   RO         2756    locale$$code        c_w.l(lc_numeric_c.o)
    0x08002f30   0x08002f30   0x00000062   Code   RO         2594    x$fpl$d2f           fz_ws.l(d2f.o)
    0x08002f92   0x08002f92   0x00000002   PAD
    0x08002f94   0x08002f94   0x00000150   Code   RO         2596    x$fpl$dadd          fz_ws.l(daddsub_clz.o)
    0x080030e4   0x080030e4   0x00000154   Code   RO         2602    x$fpl$dmul          fz_ws.l(dmul.o)
    0x08003238   0x08003238   0x0000009c   Code   RO         2691    x$fpl$dnaninf       fz_ws.l(dnaninf.o)
    0x080032d4   0x080032d4   0x0000000c   Code   RO         2693    x$fpl$dretinf       fz_ws.l(dretinf.o)
    0x080032e0   0x080032e0   0x00000016   Code   RO         2597    x$fpl$drsb          fz_ws.l(daddsub_clz.o)
    0x080032f6   0x080032f6   0x00000002   PAD
    0x080032f8   0x080032f8   0x000001d4   Code   RO         2598    x$fpl$dsub          fz_ws.l(daddsub_clz.o)
    0x080034cc   0x080034cc   0x00000056   Code   RO         2604    x$fpl$f2d           fz_ws.l(f2d.o)
    0x08003522   0x08003522   0x00000002   PAD
    0x08003524   0x08003524   0x000000c4   Code   RO         2606    x$fpl$fadd          fz_ws.l(faddsub_clz.o)
    0x080035e8   0x080035e8   0x00000018   Code   RO         2760    x$fpl$fcmpinf       fz_ws.l(fcmpi.o)
    0x08003600   0x08003600   0x00000184   Code   RO         2613    x$fpl$fdiv          fz_ws.l(fdiv.o)
    0x08003784   0x08003784   0x0000003e   Code   RO         2616    x$fpl$ffixu         fz_ws.l(ffixu.o)
    0x080037c2   0x080037c2   0x00000002   PAD
    0x080037c4   0x080037c4   0x00000026   Code   RO         2620    x$fpl$ffltu         fz_ws.l(fflt_clz.o)
    0x080037ea   0x080037ea   0x00000002   PAD
    0x080037ec   0x080037ec   0x00000068   Code   RO         2695    x$fpl$fleqf         fz_ws.l(fleqf.o)
    0x08003854   0x08003854   0x00000102   Code   RO         2626    x$fpl$fmul          fz_ws.l(fmul.o)
    0x08003956   0x08003956   0x0000008c   Code   RO         2697    x$fpl$fnaninf       fz_ws.l(fnaninf.o)
    0x080039e2   0x080039e2   0x0000000a   Code   RO         2699    x$fpl$fretinf       fz_ws.l(fretinf.o)
    0x080039ec   0x080039ec   0x00000062   Code   RO         2628    x$fpl$frleqf        fz_ws.l(frleqf.o)
    0x08003a4e   0x08003a4e   0x00000002   PAD
    0x08003a50   0x08003a50   0x000000ea   Code   RO         2608    x$fpl$fsub          fz_ws.l(faddsub_clz.o)
    0x08003b3a   0x08003b3a   0x00000004   Code   RO         2630    x$fpl$printf1       fz_ws.l(printf1.o)
    0x08003b3e   0x08003b3e   0x00000000   Code   RO         2701    x$fpl$usenofp       fz_ws.l(usenofp.o)
    0x08003b3e   0x08003b3e   0x00000010   Data   RO         2450    .constdata          system_stm32f2xx.o
    0x08003b4e   0x08003b4e   0x00000008   Data   RO         2451    .constdata          system_stm32f2xx.o
    0x08003b56   0x08003b56   0x00000002   PAD
    0x08003b58   0x08003b58   0x00000094   Data   RO         2731    .constdata          c_w.l(bigflt0.o)
    0x08003bec   0x08003bec   0x00000020   Data   RO         2862    Region$$Table       anon$$obj.o
    0x08003c0c   0x08003c0c   0x0000001c   Data   RO         2755    locale$$data        c_w.l(lc_numeric_c.o)
    0x08003c28   0x08003c28   0x00000004   Data   RO           32    .init_array         main.o
    0x08003c2c   0x08003c28   0x00000000   Data   RO         2589    .init_array         c_w.l(init_aeabi.o)


    Execution Region RW_IRAM1 (Exec base: 0x20000000, Load base: 0x08003c2c, Size: 0x00000778, Max: 0x0001c000, ABSOLUTE)

    Exec Addr    Load Addr    Size         Type   Attr      Idx    E Section Name        Object

    0x20000000   0x08003c2c   0x00000024   Data   RW           30    .data               main.o
    0x20000024   0x08003c50   0x0000000c   Data   RW          813    .data               stm32f2xx_hal.o
    0x20000030   0x08003c5c   0x00000004   Data   RW         2452    .data               system_stm32f2xx.o
    0x20000034        -       0x00000058   Zero   RW           29    .bss                main.o
    0x2000008c        -       0x00000048   Zero   RW          235    .bss                adc.o
    0x200000d4        -       0x00000044   Zero   RW          280    .bss                usart.o
    0x20000118        -       0x00000060   Zero   RW         2769    .bss                c_w.l(libspace.o)
    0x20000178        -       0x00000200   Zero   RW            2    HEAP                startup_stm32f207xx.o
    0x20000378        -       0x00000400   Zero   RW            1    STACK               startup_stm32f207xx.o


    Execution Region RW_IRAM2 (Exec base: 0x2001c000, Load base: 0x08003c60, Size: 0x00000000, Max: 0x00004000, ABSOLUTE)

    **** No section assigned to this execution region ****


==============================================================================

Image component sizes


      Code (inc. data)   RO Data    RW Data    ZI Data      Debug   Object Name

       208         24          0          0         72       1653   adc.o
       144         12          0          0          0        919   gpio.o
       538         72          4         36         88     649134   main.o
       156          4          0          0          0       2503   simplekalmanfilter.o
        64         26        388          0       1536        800   startup_stm32f207xx.o
       144         24          0         12          0       8453   stm32f2xx_hal.o
      1274         40          0          0          0       5897   stm32f2xx_hal_adc.o
         2          0          0          0          0        961   stm32f2xx_hal_adc_ex.o
       198         14          0          0          0      30583   stm32f2xx_hal_cortex.o
       182          0          0          0          0       2039   stm32f2xx_hal_dma.o
       668         50          0          0          0       2883   stm32f2xx_hal_gpio.o
        48          6          0          0          0        838   stm32f2xx_hal_msp.o
      1332         80          0          0          0       5068   stm32f2xx_hal_rcc.o
      1450         14          0          0          0       9632   stm32f2xx_hal_uart.o
        44         12          0          0          0       4611   stm32f2xx_it.o
         2          0         24          4          0       1111   system_stm32f2xx.o
       180         22          0          0         68       1662   usart.o

    ----------------------------------------------------------------------
      6654        400        450         52       1764     728747   Object Totals
         0          0         32          0          0          0   (incl. Generated)
        20          0          2          0          0          0   (incl. Padding)

    ----------------------------------------------------------------------

      Code (inc. data)   RO Data    RW Data    ZI Data      Debug   Library Member Name

         8          0          0          0          0         68   __main.o
       104          0          0          0          0         84   __printf.o
         0          0          0          0          0          0   __rtentry.o
        12          0          0          0          0          0   __rtentry2.o
         6          0          0          0          0          0   __rtentry4.o
        52          8          0          0          0          0   __scatter.o
        26          0          0          0          0          0   __scatter_copy.o
        28          0          0          0          0          0   __scatter_zi.o
        48          6          0          0          0         96   _printf_char_common.o
         6          0          0          0          0          0   _printf_d.o
       120         16          0          0          0         92   _printf_dec.o
         6          0          0          0          0          0   _printf_f.o
      1054          0          0          0          0        216   _printf_fp_dec.o
       128         16          0          0          0         84   _printf_fp_infnan.o
       178          0          0          0          0         88   _printf_intcommon.o
         0          0          0          0          0          0   _printf_percent.o
         4          0          0          0          0          0   _printf_percent_end.o
        10          0          0          0          0         68   _sputc.o
       228          4        148          0          0         96   bigflt0.o
      1936        128          0          0          0        672   btod.o
        18          0          0          0          0         80   exit.o
         6          0          0          0          0        152   heapauxi.o
         0          0          0          0          0          0   indicate_semi.o
        36         10          0          0          0         80   init_aeabi.o
        44         10         28          0          0         76   lc_numeric_c.o
         2          0          0          0          0          0   libinit.o
        22          0          0          0          0          0   libinit2.o
         2          0          0          0          0          0   libshutdown.o
         2          0          0          0          0          0   libshutdown2.o
         8          4          0          0         96         68   libspace.o
       138          0          0          0          0         80   lludiv10.o
       238          0          0          0          0        100   lludivv7m.o
        40          6          0          0          0         84   noretval__2sprintf.o
         8          4          0          0          0         68   rt_locale_intlibspace.o
        78          0          0          0          0         80   rt_memclr_w.o
         2          0          0          0          0          0   rtexit.o
        10          0          0          0          0          0   rtexit2.o
        24          0          0          0          0         68   strcat.o
       128          0          0          0          0         68   strcmpv7m.o
        72          0          0          0          0         80   strcpy.o
        62          0          0          0          0         76   strlen.o
        12          4          0          0          0         68   sys_exit.o
        74          0          0          0          0         80   sys_stackheap_outer.o
         2          0          0          0          0         68   use_no_semi.o
        98          4          0          0          0         92   d2f.o
       826         16          0          0          0        348   daddsub_clz.o
       340         12          0          0          0        104   dmul.o
       156          4          0          0          0         92   dnaninf.o
        12          0          0          0          0         68   dretinf.o
        86          4          0          0          0         84   f2d.o
       430          8          0          0          0        168   faddsub_clz.o
        24          0          0          0          0         68   fcmpi.o
       388         76          0          0          0         96   fdiv.o
        62          4          0          0          0         84   ffixu.o
        38          0          0          0          0         68   fflt_clz.o
       104          4          0          0          0         84   fleqf.o
       258          4          0          0          0         84   fmul.o
       140          4          0          0          0         84   fnaninf.o
        10          0          0          0          0         68   fretinf.o
        98          0          0          0          0         68   frleqf.o
         4          0          0          0          0         68   printf1.o
         0          0          0          0          0          0   usenofp.o
        40          0          0          0          0         68   fpclassify.o

    ----------------------------------------------------------------------
      8124        356        176          0         96       4736   Library Totals
        28          0          0          0          0          0   (incl. Padding)

    ----------------------------------------------------------------------

      Code (inc. data)   RO Data    RW Data    ZI Data      Debug   Library Name

      4982        216        176          0         96       2940   c_w.l
      3074        140          0          0          0       1728   fz_ws.l
        40          0          0          0          0         68   m_ws.l

    ----------------------------------------------------------------------
      8124        356        176          0         96       4736   Library Totals

    ----------------------------------------------------------------------

==============================================================================


      Code (inc. data)   RO Data    RW Data    ZI Data      Debug   

     14778        756        626         52       1860     727603   Grand Totals
     14778        756        626         52       1860     727603   ELF Image Totals
     14778        756        626         52          0          0   ROM Totals

==============================================================================

    Total RO  Size (Code + RO Data)                15404 (  15.04kB)
    Total RW  Size (RW Data + ZI Data)              1912 (   1.87kB)
    Total ROM Size (Code + RO Data + RW Data)      15456 (  15.09kB)

==============================================================================

